Component: ARM Compiler 5.06 update 7 (build 960) Tool: armlink [4d3601]

==============================================================================

Section Cross References

    startup_stm32f103xb.o(STACK) refers (Special) to heapauxi.o(.text) for __use_two_region_memory
    startup_stm32f103xb.o(HEAP) refers (Special) to heapauxi.o(.text) for __use_two_region_memory
    startup_stm32f103xb.o(RESET) refers (Special) to heapauxi.o(.text) for __use_two_region_memory
    startup_stm32f103xb.o(RESET) refers to startup_stm32f103xb.o(STACK) for __initial_sp
    startup_stm32f103xb.o(RESET) refers to startup_stm32f103xb.o(.text) for Reset_Handler
    startup_stm32f103xb.o(RESET) refers to stm32f1xx_it.o(i.NMI_Handler) for NMI_Handler
    startup_stm32f103xb.o(RESET) refers to stm32f1xx_it.o(i.HardFault_Handler) for HardFault_Handler
    startup_stm32f103xb.o(RESET) refers to stm32f1xx_it.o(i.MemManage_Handler) for MemManage_Handler
    startup_stm32f103xb.o(RESET) refers to stm32f1xx_it.o(i.BusFault_Handler) for BusFault_Handler
    startup_stm32f103xb.o(RESET) refers to stm32f1xx_it.o(i.UsageFault_Handler) for UsageFault_Handler
    startup_stm32f103xb.o(RESET) refers to port.o(.emb_text) for SVC_Handler
    startup_stm32f103xb.o(RESET) refers to stm32f1xx_it.o(i.DebugMon_Handler) for DebugMon_Handler
    startup_stm32f103xb.o(RESET) refers to cmsis_os2.o(i.SysTick_Handler) for SysTick_Handler
    startup_stm32f103xb.o(RESET) refers to stm32f1xx_it.o(i.TIM4_IRQHandler) for TIM4_IRQHandler
    startup_stm32f103xb.o(RESET) refers to stm32f1xx_it.o(i.USART1_IRQHandler) for USART1_IRQHandler
    startup_stm32f103xb.o(.text) refers (Special) to heapauxi.o(.text) for __use_two_region_memory
    startup_stm32f103xb.o(.text) refers to system_stm32f1xx.o(i.SystemInit) for SystemInit
    startup_stm32f103xb.o(.text) refers to __main.o(!!!main) for __main
    startup_stm32f103xb.o(.text) refers to startup_stm32f103xb.o(HEAP) for Heap_Mem
    startup_stm32f103xb.o(.text) refers to startup_stm32f103xb.o(STACK) for Stack_Mem
    main.o(i.HAL_TIM_PeriodElapsedCallback) refers to stm32f1xx_hal.o(i.HAL_IncTick) for HAL_IncTick
    main.o(i.SystemClock_Config) refers to rt_memclr_w.o(.text) for __aeabi_memclr4
    main.o(i.SystemClock_Config) refers to stm32f1xx_hal_rcc.o(i.HAL_RCC_OscConfig) for HAL_RCC_OscConfig
    main.o(i.SystemClock_Config) refers to stm32f1xx_hal_rcc.o(i.HAL_RCC_ClockConfig) for HAL_RCC_ClockConfig
    main.o(i.main) refers to stm32f1xx_hal.o(i.HAL_Init) for HAL_Init
    main.o(i.main) refers to main.o(i.SystemClock_Config) for SystemClock_Config
    main.o(i.main) refers to gpio.o(i.MX_GPIO_Init) for MX_GPIO_Init
    main.o(i.main) refers to i2c.o(i.MX_I2C1_Init) for MX_I2C1_Init
    main.o(i.main) refers to spi.o(i.MX_SPI1_Init) for MX_SPI1_Init
    main.o(i.main) refers to tim.o(i.MX_TIM2_Init) for MX_TIM2_Init
    main.o(i.main) refers to tim.o(i.MX_TIM3_Init) for MX_TIM3_Init
    main.o(i.main) refers to usart.o(i.MX_USART1_UART_Init) for MX_USART1_UART_Init
    main.o(i.main) refers to stm32f1xx_hal_tim.o(i.HAL_TIM_PWM_Start) for HAL_TIM_PWM_Start
    main.o(i.main) refers to bsp_uart.o(i.BSP_UART_Init) for BSP_UART_Init
    main.o(i.main) refers to cmsis_os2.o(i.osKernelInitialize) for osKernelInitialize
    main.o(i.main) refers to freertos.o(i.MX_FREERTOS_Init) for MX_FREERTOS_Init
    main.o(i.main) refers to cmsis_os2.o(i.osKernelStart) for osKernelStart
    main.o(i.main) refers to tim.o(.bss) for htim2
    gpio.o(i.MX_GPIO_Init) refers to stm32f1xx_hal_gpio.o(i.HAL_GPIO_WritePin) for HAL_GPIO_WritePin
    gpio.o(i.MX_GPIO_Init) refers to stm32f1xx_hal_gpio.o(i.HAL_GPIO_Init) for HAL_GPIO_Init
    freertos.o(i.HAL_UART_RxCpltCallback) refers to freertos.o(.data) for .data
    freertos.o(i.MX_FREERTOS_Init) refers to cmsis_os2.o(i.osMessageQueueNew) for osMessageQueueNew
    freertos.o(i.MX_FREERTOS_Init) refers to cmsis_os2.o(i.osThreadNew) for osThreadNew
    freertos.o(i.MX_FREERTOS_Init) refers to freertos.o(.constdata) for .constdata
    freertos.o(i.MX_FREERTOS_Init) refers to freertos.o(.data) for .data
    freertos.o(i.MX_FREERTOS_Init) refers to freertos.o(i.StartOLED) for StartOLED
    freertos.o(i.MX_FREERTOS_Init) refers to freertos.o(i.StartAction) for StartAction
    freertos.o(i.MX_FREERTOS_Init) refers to freertos.o(i.StartUART) for StartUART
    freertos.o(i.StartAction) refers to action.o(i.Action_upright) for Action_upright
    freertos.o(i.StartAction) refers to cmsis_os2.o(i.osDelay) for osDelay
    freertos.o(i.StartAction) refers to cmsis_os2.o(i.osMessageQueueGet) for osMessageQueueGet
    freertos.o(i.StartAction) refers to freertos.o(i.UART_DebugPrintf) for UART_DebugPrintf
    freertos.o(i.StartAction) refers to command.o(i.GetCommandData) for GetCommandData
    freertos.o(i.StartAction) refers to cmsis_os2.o(i.osKernelGetTickCount) for osKernelGetTickCount
    freertos.o(i.StartAction) refers to action.o(i.Action_advance) for Action_advance
[...]
    EXTI9_5_IRQHandler                       0x080002e7   Thumb Code     0  startup_stm32f103xb.o(.text)
    FLASH_IRQHandler                         0x080002e7   Thumb Code     0  startup_stm32f103xb.o(.text)
    I2C1_ER_IRQHandler                       0x080002e7   Thumb Code     0  startup_stm32f103xb.o(.text)
    I2C1_EV_IRQHandler                       0x080002e7   Thumb Code     0  startup_stm32f103xb.o(.text)
    I2C2_ER_IRQHandler                       0x080002e7   Thumb Code     0  startup_stm32f103xb.o(.text)
    I2C2_EV_IRQHandler                       0x080002e7   Thumb Code     0  startup_stm32f103xb.o(.text)
    PVD_IRQHandler                           0x080002e7   Thumb Code     0  startup_stm32f103xb.o(.text)
    RCC_IRQHandler                           0x080002e7   Thumb Code     0  startup_stm32f103xb.o(.text)
    RTC_Alarm_IRQHandler                     0x080002e7   Thumb Code     0  startup_stm32f103xb.o(.text)
    RTC_IRQHandler                           0x080002e7   Thumb Code     0  startup_stm32f103xb.o(.text)
    SPI1_IRQHandler                          0x080002e7   Thumb Code     0  startup_stm32f103xb.o(.text)
    SPI2_IRQHandler                          0x080002e7   Thumb Code     0  startup_stm32f103xb.o(.text)
    TAMPER_IRQHandler                        0x080002e7   Thumb Code     0  startup_stm32f103xb.o(.text)
    TIM1_BRK_IRQHandler                      0x080002e7   Thumb Code     0  startup_stm32f103xb.o(.text)
    TIM1_CC_IRQHandler                       0x080002e7   Thumb Code     0  startup_stm32f103xb.o(.text)
    TIM1_TRG_COM_IRQHandler                  0x080002e7   Thumb Code     0  startup_stm32f103xb.o(.text)
    TIM1_UP_IRQHandler                       0x080002e7   Thumb Code     0  startup_stm32f103xb.o(.text)
    TIM2_IRQHandler                          0x080002e7   Thumb Code     0  startup_stm32f103xb.o(.text)
    TIM3_IRQHandler                          0x080002e7   Thumb Code     0  startup_stm32f103xb.o(.text)
    USART2_IRQHandler                        0x080002e7   Thumb Code     0  startup_stm32f103xb.o(.text)
    USART3_IRQHandler                        0x080002e7   Thumb Code     0  startup_stm32f103xb.o(.text)
    USBWakeUp_IRQHandler                     0x080002e7   Thumb Code     0  startup_stm32f103xb.o(.text)
    USB_HP_CAN1_TX_IRQHandler                0x080002e7   Thumb Code     0  startup_stm32f103xb.o(.text)
    USB_LP_CAN1_RX0_IRQHandler               0x080002e7   Thumb Code     0  startup_stm32f103xb.o(.text)
    WWDG_IRQHandler                          0x080002e7   Thumb Code     0  startup_stm32f103xb.o(.text)
    __user_initial_stackheap                 0x080002e9   Thumb Code     0  startup_stm32f103xb.o(.text)
    vsnprintf                                0x0800030d   Thumb Code    48  vsnprintf.o(.text)
    strlen                                   0x08000341   Thumb Code    62  strlen.o(.text)
    __aeabi_memcpy                           0x0800037f   Thumb Code     0  rt_memcpy_v6.o(.text)
    __rt_memcpy                              0x0800037f   Thumb Code   138  rt_memcpy_v6.o(.text)
    _memcpy_lastbytes                        0x080003e5   Thumb Code     0  rt_memcpy_v6.o(.text)
    __aeabi_memset                           0x08000409   Thumb Code    16  aeabi_memset.o(.text)
    __aeabi_memclr                           0x08000419   Thumb Code     0  rt_memclr.o(.text)
    __rt_memclr                              0x08000419   Thumb Code    68  rt_memclr.o(.text)
    _memset                                  0x0800041d   Thumb Code     0  rt_memclr.o(.text)
    __aeabi_memclr4                          0x0800045d   Thumb Code     0  rt_memclr_w.o(.text)
    __aeabi_memclr8                          0x0800045d   Thumb Code     0  rt_memclr_w.o(.text)
    __rt_memclr_w                            0x0800045d   Thumb Code    78  rt_memclr_w.o(.text)
    _memset_w                                0x08000461   Thumb Code     0  rt_memclr_w.o(.text)
    __use_two_region_memory                  0x080004ab   Thumb Code     2  heapauxi.o(.text)
    __rt_heap_escrow$2region                 0x080004ad   Thumb Code     2  heapauxi.o(.text)
    __rt_heap_expand$2region                 0x080004af   Thumb Code     2  heapauxi.o(.text)
    _printf_pre_padding                      0x080004b1   Thumb Code    44  _printf_pad.o(.text)
    _printf_post_padding                     0x080004dd   Thumb Code    34  _printf_pad.o(.text)
    _printf_truncate_signed                  0x080004ff   Thumb Code    18  _printf_truncate.o(.text)
    _printf_truncate_unsigned                0x08000511   Thumb Code    18  _printf_truncate.o(.text)
    _printf_str                              0x08000523   Thumb Code    82  _printf_str.o(.text)
    _printf_int_dec                          0x08000575   Thumb Code   104  _printf_dec.o(.text)
    _printf_charcount                        0x080005ed   Thumb Code    40  _printf_charcount.o(.text)
    _printf_char_common                      0x0800061f   Thumb Code    32  _printf_char_common.o(.text)
    _sputc                                   0x08000645   Thumb Code    10  _sputc.o(.text)
    _snputc                                  0x0800064f   Thumb Code    16  _snputc.o(.text)
    _printf_wctomb                           0x08000661   Thumb Code   182  _printf_wctomb.o(.text)
    _printf_longlong_dec                     0x0800071d   Thumb Code   108  _printf_longlong_dec.o(.text)
    _printf_longlong_oct                     0x08000799   Thumb Code    66  _printf_oct_int_ll.o(.text)
    _printf_int_oct                          0x080007db   Thumb Code    24  _printf_oct_int_ll.o(.text)
    _printf_ll_oct                           0x080007f3   Thumb Code    12  _printf_oct_int_ll.o(.text)
    _printf_longlong_hex                     0x08000809   Thumb Code    86  _printf_hex_int_ll_ptr.o(.text)
    _printf_int_hex                          0x0800085f   Thumb Code    28  _printf_hex_int_ll_ptr.o(.text)
    _printf_ll_hex                           0x0800087b   Thumb Code    12  _printf_hex_int_ll_ptr.o(.text)
    _printf_hex_ptr                          0x08000887   Thumb Code    18  _printf_hex_int_ll_ptr.o(.text)
    __printf                                 0x0800089d   Thumb Code   388  __printf_flags_ss_wp.o(.text)
    __aeabi_memcpy4                          0x08000a25   Thumb Code     0  rt_memcpy_w.o(.text)
    __aeabi_memcpy8                          0x08000a25   Thumb Code     0  rt_memcpy_w.o(.text)
    __rt_memcpy_w                            0x08000a25   Thumb Code   100  rt_memcpy_w.o(.text)
    _memcpy_lastbytes_aligned                0x08000a6d   Thumb Code     0  rt_memcpy_w.o(.text)
    _ll_udiv10                               0x08000a89   Thumb Code   138  lludiv10.o(.text)
    _printf_int_common                       0x08000b13   Thumb Code   178  _printf_intcommon.o(.text)
    __lib_sel_fp_printf                      0x08000bc5   Thumb Code     2  _printf_fp_dec.o(.text)
    _printf_fp_dec_real                      0x08000d77   Thumb Code   620  _printf_fp_dec.o(.text)
    _printf_fp_hex_real                      0x08000fe5   Thumb Code   756  _printf_fp_hex.o(.text)
    _printf_cs_common                        0x080012e1   Thumb Code    20  _printf_char.o(.text)
    _printf_char                             0x080012f5   Thumb Code    16  _printf_char.o(.text)
    _printf_string                           0x08001305   Thumb Code     8  _printf_char.o(.text)
    _printf_lcs_common                       0x0800130d   Thumb Code    20  _printf_wchar.o(.text)
    _printf_wchar                            0x08001321   Thumb Code    16  _printf_wchar.o(.text)
    _printf_wstring                          0x08001331   Thumb Code     8  _printf_wchar.o(.text)
    _wcrtomb                                 0x08001339   Thumb Code    64  _wcrtomb.o(.text)
    __user_setup_stackheap                   0x08001379   Thumb Code    74  sys_stackheap_outer.o(.text)
    __rt_ctype_table                         0x080013c5   Thumb Code    16  rt_ctype_table.o(.text)
    __rt_locale                              0x080013d5   Thumb Code     8  rt_locale_intlibspace.o(.text)
    _printf_fp_infnan                        0x080013dd   Thumb Code   112  _printf_fp_infnan.o(.text)
    _btod_etento                             0x0800145d   Thumb Code   224  bigflt0.o(.text)
    exit                                     0x08001541   Thumb Code    18  exit.o(.text)
    __user_libspace                          0x08001555   Thumb Code     8  libspace.o(.text)
    __user_perproc_libspace                  0x08001555   Thumb Code     0  libspace.o(.text)
    __user_perthread_libspace                0x08001555   Thumb Code     0  libspace.o(.text)
    strcmp                                   0x0800155d   Thumb Code   128  strcmpv7m.o(.text)
    _sys_exit                                0x080015dd   Thumb Code     8  sys_exit.o(.text)
    __I$use$semihosting                      0x080015e9   Thumb Code     0  use_no_semi.o(.text)
    __use_no_semihosting_swi                 0x080015e9   Thumb Code     2  use_no_semi.o(.text)
    __semihosting_library_function           0x080015eb   Thumb Code     0  indicate_semi.o(.text)
    _btod_d2e                                0x080015eb   Thumb Code    62  btod.o(CL$$btod_d2e)
    _d2e_denorm_low                          0x08001629   Thumb Code    70  btod.o(CL$$btod_d2e_denorm_low)
    _d2e_norm_op1                            0x0800166f   Thumb Code    96  btod.o(CL$$btod_d2e_norm_op1)
    __btod_div_common                        0x080016cf   Thumb Code   696  btod.o(CL$$btod_div_common)
    _e2e                                     0x08001a07   Thumb Code   220  btod.o(CL$$btod_e2e)
    _btod_ediv                               0x08001ae3   Thumb Code    42  btod.o(CL$$btod_ediv)
    _btod_emul                               0x08001b0d   Thumb Code    42  btod.o(CL$$btod_emul)
    __btod_mult_common                       0x08001b37   Thumb Code   580  btod.o(CL$$btod_mult_common)
    Action_InitState                         0x08001d7b   Thumb Code    12  action.o(i.Action_InitState)
    Action_Lrotation                         0x08001d89   Thumb Code    64  action.o(i.Action_Lrotation)
    Action_NextStep                          0x08001dd5   Thumb Code    18  action.o(i.Action_NextStep)
    Action_Rrotation                         0x08001de9   Thumb Code    64  action.o(i.Action_Rrotation)
    Action_ShouldExecuteStep                 0x08001e35   Thumb Code    28  action.o(i.Action_ShouldExecuteStep)
    Action_Swing                             0x08001e51   Thumb Code    82  action.o(i.Action_Swing)
    Action_SwingTail                         0x08001ead   Thumb Code    76  action.o(i.Action_SwingTail)
    Action_advance                           0x08001f01   Thumb Code    64  action.o(i.Action_advance)
    Action_back                              0x08001f4d   Thumb Code    64  action.o(i.Action_back)
    Action_getdowm                           0x08001f99   Thumb Code    12  action.o(i.Action_getdowm)
    Action_relaxed_getdowm                   0x08001fa9   Thumb Code    12  action.o(i.Action_relaxed_getdowm)
    Action_sit                               0x08001fbd   Thumb Code    12  action.o(i.Action_sit)
    Action_upright                           0x08001fd1   Thumb Code    12  action.o(i.Action_upright)
    BSP_OTA_UART_EnterBootloader             0x08001fe1   Thumb Code    42  bsp_ota_boot.o(i.BSP_OTA_UART_EnterBootloader)
    BSP_OTA_UART_HandleByte                  0x08002011   Thumb Code    74  bsp_ota_boot.o(i.BSP_OTA_UART_HandleByte)
    BSP_OTA_UART_IsQuietWindowActive         0x08002065   Thumb Code    16  bsp_ota_boot.o(i.BSP_OTA_UART_IsQuietWindowActive)
    BSP_OTA_UART_Reset                       0x08002109   Thumb Code    10  bsp_ota_boot.o(i.BSP_OTA_UART_Reset)
    BSP_UART_Init                            0x08002119   Thumb Code    10  bsp_uart.o(i.BSP_UART_Init)
    BSP_UART_Send                            0x08002129   Thumb Code    36  bsp_uart.o(i.BSP_UART_Send)
    BusFault_Handler                         0x08002151   Thumb Code     2  stm32f1xx_it.o(i.BusFault_Handler)
    DebugMon_Handler                         0x08002153   Thumb Code     2  stm32f1xx_it.o(i.DebugMon_Handler)
    Error_Handler                            0x08002155   Thumb Code     4  main.o(i.Error_Handler)
    GetCommandData                           0x08002159   Thumb Code    36  command.o(i.GetCommandData)
    GetCurrentCommand                        0x08002181   Thumb Code     6  command.o(i.GetCurrentCommand)
    HAL_DMA_Abort                            0x0800218d   Thumb Code    70  stm32f1xx_hal_dma.o(i.HAL_DMA_Abort)
    HAL_DMA_Abort_IT                         0x080021d5   Thumb Code   148  stm32f1xx_hal_dma.o(i.HAL_DMA_Abort_IT)
    HAL_DeInit                               0x0800226d   Thumb Code    26  stm32f1xx_hal.o(i.HAL_DeInit)
    HAL_GPIO_DeInit                          0x0800228d   Thumb Code   254  stm32f1xx_hal_gpio.o(i.HAL_GPIO_DeInit)
    HAL_GPIO_Init                            0x080023a5   Thumb Code   446  stm32f1xx_hal_gpio.o(i.HAL_GPIO_Init)
    HAL_GPIO_WritePin                        0x08002585   Thumb Code    10  stm32f1xx_hal_gpio.o(i.HAL_GPIO_WritePin)
    HAL_GetTick                              0x08002591   Thumb Code     6  stm32f1xx_hal.o(i.HAL_GetTick)
    HAL_I2C_Init                             0x0800259d   Thumb Code   376  stm32f1xx_hal_i2c.o(i.HAL_I2C_Init)
    HAL_I2C_Mem_Write                        0x08002725   Thumb Code   294  stm32f1xx_hal_i2c.o(i.HAL_I2C_Mem_Write)
    HAL_I2C_MspInit                          0x08002855   Thumb Code    80  i2c.o(i.HAL_I2C_MspInit)
    HAL_IncTick                              0x080028b1   Thumb Code    12  stm32f1xx_hal.o(i.HAL_IncTick)
    HAL_Init                                 0x080028c1   Thumb Code    32  stm32f1xx_hal.o(i.HAL_Init)
    HAL_InitTick                             0x080028e5   Thumb Code   132  stm32f1xx_hal_timebase_tim.o(i.HAL_InitTick)
    HAL_MspDeInit                            0x0800297d   Thumb Code     2  stm32f1xx_hal.o(i.HAL_MspDeInit)
    HAL_MspInit                              0x08002981   Thumb Code    62  stm32f1xx_hal_msp.o(i.HAL_MspInit)
    HAL_NVIC_EnableIRQ                       0x080029c9   Thumb Code    26  stm32f1xx_hal_cortex.o(i.HAL_NVIC_EnableIRQ)
    HAL_NVIC_SetPriority                     0x080029e5   Thumb Code    60  stm32f1xx_hal_cortex.o(i.HAL_NVIC_SetPriority)
    HAL_NVIC_SetPriorityGrouping             0x08002a25   Thumb Code    26  stm32f1xx_hal_cortex.o(i.HAL_NVIC_SetPriorityGrouping)
    HAL_RCC_ClockConfig                      0x08002a49   Thumb Code   280  stm32f1xx_hal_rcc.o(i.HAL_RCC_ClockConfig)
    HAL_RCC_DeInit                           0x08002b75   Thumb Code   202  stm32f1xx_hal_rcc.o(i.HAL_RCC_DeInit)
    HAL_RCC_GetClockConfig                   0x08002c51   Thumb Code    54  stm32f1xx_hal_rcc.o(i.HAL_RCC_GetClockConfig)
    HAL_RCC_GetPCLK1Freq                     0x08002c91   Thumb Code    20  stm32f1xx_hal_rcc.o(i.HAL_RCC_GetPCLK1Freq)
    HAL_RCC_GetPCLK2Freq                     0x08002cb1   Thumb Code    20  stm32f1xx_hal_rcc.o(i.HAL_RCC_GetPCLK2Freq)
    HAL_RCC_GetSysClockFreq                  0x08002cd1   Thumb Code    58  stm32f1xx_hal_rcc.o(i.HAL_RCC_GetSysClockFreq)
    HAL_RCC_OscConfig                        0x08002d1d   Thumb Code   778  stm32f1xx_hal_rcc.o(i.HAL_RCC_OscConfig)
    HAL_SPI_Init                             0x0800303d   Thumb Code   178  stm32f1xx_hal_spi.o(i.HAL_SPI_Init)
    HAL_SPI_MspInit                          0x080030f1   Thumb Code    98  spi.o(i.HAL_SPI_MspInit)
    HAL_SPI_Receive                          0x08003161   Thumb Code   340  stm32f1xx_hal_spi.o(i.HAL_SPI_Receive)
    HAL_SPI_TransmitReceive                  0x080032b5   Thumb Code   496  stm32f1xx_hal_spi.o(i.HAL_SPI_TransmitReceive)
    HAL_TIMEx_BreakCallback                  0x080034a5   Thumb Code     2  stm32f1xx_hal_tim_ex.o(i.HAL_TIMEx_BreakCallback)
    HAL_TIMEx_CommutCallback                 0x080034a7   Thumb Code     2  stm32f1xx_hal_tim_ex.o(i.HAL_TIMEx_CommutCallback)
    HAL_TIMEx_MasterConfigSynchronization    0x080034a9   Thumb Code    92  stm32f1xx_hal_tim_ex.o(i.HAL_TIMEx_MasterConfigSynchronization)
    HAL_TIM_Base_Init                        0x08003511   Thumb Code    90  stm32f1xx_hal_tim.o(i.HAL_TIM_Base_Init)
    HAL_TIM_Base_MspInit                     0x0800356b   Thumb Code     2  stm32f1xx_hal_tim.o(i.HAL_TIM_Base_MspInit)
    HAL_TIM_Base_Start_IT                    0x0800356d   Thumb Code    76  stm32f1xx_hal_tim.o(i.HAL_TIM_Base_Start_IT)
    HAL_TIM_IC_CaptureCallback               0x080035c5   Thumb Code     2  stm32f1xx_hal_tim.o(i.HAL_TIM_IC_CaptureCallback)
    HAL_TIM_IRQHandler                       0x080035c7   Thumb Code   304  stm32f1xx_hal_tim.o(i.HAL_TIM_IRQHandler)
    HAL_TIM_MspPostInit                      0x080036f9   Thumb Code   120  tim.o(i.HAL_TIM_MspPostInit)
    HAL_TIM_OC_DelayElapsedCallback          0x08003785   Thumb Code     2  stm32f1xx_hal_tim.o(i.HAL_TIM_OC_DelayElapsedCallback)
    HAL_TIM_PWM_ConfigChannel                0x08003787   Thumb Code   204  stm32f1xx_hal_tim.o(i.HAL_TIM_PWM_ConfigChannel)
    HAL_TIM_PWM_Init                         0x08003853   Thumb Code    90  stm32f1xx_hal_tim.o(i.HAL_TIM_PWM_Init)
    HAL_TIM_PWM_MspInit                      0x080038ad   Thumb Code    52  tim.o(i.HAL_TIM_PWM_MspInit)
    HAL_TIM_PWM_PulseFinishedCallback        0x080038e9   Thumb Code     2  stm32f1xx_hal_tim.o(i.HAL_TIM_PWM_PulseFinishedCallback)
    HAL_TIM_PWM_Start                        0x080038ed   Thumb Code   144  stm32f1xx_hal_tim.o(i.HAL_TIM_PWM_Start)
    HAL_TIM_PWM_Stop                         0x08003989   Thumb Code   108  stm32f1xx_hal_tim.o(i.HAL_TIM_PWM_Stop)
    HAL_TIM_PeriodElapsedCallback            0x080039f9   Thumb Code    14  main.o(i.HAL_TIM_PeriodElapsedCallback)
    HAL_TIM_TriggerCallback                  0x08003a0d   Thumb Code     2  stm32f1xx_hal_tim.o(i.HAL_TIM_TriggerCallback)
    HAL_UARTEx_RxEventCallback               0x08003a0f   Thumb Code     2  stm32f1xx_hal_uart.o(i.HAL_UARTEx_RxEventCallback)
    HAL_UART_AbortReceiveCpltCallback        0x08003a11   Thumb Code     2  stm32f1xx_hal_uart.o(i.HAL_UART_AbortReceiveCpltCallback)
    HAL_UART_AbortReceive_IT                 0x08003a15   Thumb Code   148  stm32f1xx_hal_uart.o(i.HAL_UART_AbortReceive_IT)
    HAL_UART_DeInit                          0x08003aad   Thumb Code    54  stm32f1xx_hal_uart.o(i.HAL_UART_DeInit)
    HAL_UART_ErrorCallback                   0x08003ae3   Thumb Code     2  stm32f1xx_hal_uart.o(i.HAL_UART_ErrorCallback)
    HAL_UART_IRQHandler                      0x08003ae5   Thumb Code   616  stm32f1xx_hal_uart.o(i.HAL_UART_IRQHandler)
    HAL_UART_Init                            0x08003d51   Thumb Code   100  stm32f1xx_hal_uart.o(i.HAL_UART_Init)
    HAL_UART_MspDeInit                       0x08003db5   Thumb Code    30  usart.o(i.HAL_UART_MspDeInit)
    HAL_UART_MspInit                         0x08003de1   Thumb Code   116  usart.o(i.HAL_UART_MspInit)
    HAL_UART_Receive_IT                      0x08003e61   Thumb Code    28  stm32f1xx_hal_uart.o(i.HAL_UART_Receive_IT)
    HAL_UART_RxCpltCallback                  0x08003e7d   Thumb Code    16  freertos.o(i.HAL_UART_RxCpltCallback)
    HAL_UART_Transmit                        0x08003e95   Thumb Code   160  stm32f1xx_hal_uart.o(i.HAL_UART_Transmit)
    HAL_UART_TxCpltCallback                  0x08003f35   Thumb Code     2  stm32f1xx_hal_uart.o(i.HAL_UART_TxCpltCallback)
    HardFault_Handler                        0x08003f37   Thumb Code     2  stm32f1xx_it.o(i.HardFault_Handler)
    MX_FREERTOS_Init                         0x0800420d   Thumb Code    60  freertos.o(i.MX_FREERTOS_Init)
    MX_GPIO_Init                             0x0800425d   Thumb Code   118  gpio.o(i.MX_GPIO_Init)
    MX_I2C1_Init                             0x080042dd   Thumb Code    50  i2c.o(i.MX_I2C1_Init)
    MX_SPI1_Init                             0x0800431d   Thumb Code    62  spi.o(i.MX_SPI1_Init)
    MX_TIM2_Init                             0x08004365   Thumb Code   156  tim.o(i.MX_TIM2_Init)
    MX_TIM3_Init                             0x08004405   Thumb Code   106  tim.o(i.MX_TIM3_Init)
    MX_USART1_UART_Init                      0x08004479   Thumb Code    48  usart.o(i.MX_USART1_UART_Init)
    MemManage_Handler                        0x080044b1   Thumb Code     2  stm32f1xx_it.o(i.MemManage_Handler)
    NMI_Handler                              0x080044b3   Thumb Code     2  stm32f1xx_it.o(i.NMI_Handler)
    OLED_CLS                                 0x080044b5   Thumb Code     6  bsp_oled_debug.o(i.OLED_CLS)
    OLED_DrawBMP                             0x080044bb   Thumb Code    62  bsp_oled_debug.o(i.OLED_DrawBMP)
    OLED_Fill                                0x080044f9   Thumb Code    56  bsp_oled_debug.o(i.OLED_Fill)
    OLED_Init                                0x08004531   Thumb Code   210  bsp_oled_debug.o(i.OLED_Init)
    OLED_SetPos                              0x08004603   Thumb Code    38  bsp_oled_debug.o(i.OLED_SetPos)
    Oled_Write_Cmd                           0x08004629   Thumb Code    32  bsp_oled_debug.o(i.Oled_Write_Cmd)
    Oled_Write_Data                          0x0800464d   Thumb Code    32  bsp_oled_debug.o(i.Oled_Write_Data)
    SendCommand                              0x080047b9   Thumb Code    30  command.o(i.SendCommand)
    Servo_1                                  0x080047dd   Thumb Code    32  action.o(i.Servo_1)
    Servo_2                                  0x0800480d   Thumb Code    40  action.o(i.Servo_2)
    Servo_3                                  0x08004845   Thumb Code    32  action.o(i.Servo_3)
    Servo_4                                  0x08004875   Thumb Code    40  action.o(i.Servo_4)
    Servo_5                                  0x080048ad   Thumb Code    32  action.o(i.Servo_5)
    StartAction                              0x08004901   Thumb Code   316  freertos.o(i.StartAction)
    StartOLED                                0x08004b5d   Thumb Code   122  freertos.o(i.StartOLED)
    StartUART                                0x08004bdd   Thumb Code   356  freertos.o(i.StartUART)
    SysTick_Handler                          0x08004fb5   Thumb Code    26  cmsis_os2.o(i.SysTick_Handler)
    SystemClock_Config                       0x08004fcf   Thumb Code    94  main.o(i.SystemClock_Config)
    SystemInit                               0x0800502d   Thumb Code     2  system_stm32f1xx.o(i.SystemInit)
    TIM4_IRQHandler                          0x08005031   Thumb Code     6  stm32f1xx_it.o(i.TIM4_IRQHandler)
    TIM_Base_SetConfig                       0x0800503d   Thumb Code   108  stm32f1xx_hal_tim.o(i.TIM_Base_SetConfig)
    TIM_CCxChannelCmd                        0x080050b5   Thumb Code    26  stm32f1xx_hal_tim.o(i.TIM_CCxChannelCmd)
    TIM_OC2_SetConfig                        0x08005121   Thumb Code    84  stm32f1xx_hal_tim.o(i.TIM_OC2_SetConfig)
    UART_Start_Receive_IT                    0x08005435   Thumb Code    54  stm32f1xx_hal_uart.o(i.UART_Start_Receive_IT)
    USART1_IRQHandler                        0x080054dd   Thumb Code     6  stm32f1xx_it.o(i.USART1_IRQHandler)
    UsageFault_Handler                       0x080054e9   Thumb Code     2  stm32f1xx_it.o(i.UsageFault_Handler)
    W25Q64_Read_Data                         0x08005531   Thumb Code    62  w25q64.o(i.W25Q64_Read_Data)
    __ARM_fpclassify                         0x08005575   Thumb Code    40  fpclassify.o(i.__ARM_fpclassify)
    _is_digit                                0x080055bd   Thumb Code    14  __printf_wp.o(i._is_digit)
    main                                     0x080055cd   Thumb Code    90  main.o(i.main)
    osDelay                                  0x08005631   Thumb Code    26  cmsis_os2.o(i.osDelay)
    osKernelGetTickCount                     0x0800564b   Thumb Code    14  cmsis_os2.o(i.osKernelGetTickCount)
    osKernelInitialize                       0x08005659   Thumb Code    32  cmsis_os2.o(i.osKernelInitialize)
    osKernelStart                            0x0800567d   Thumb Code    48  cmsis_os2.o(i.osKernelStart)
    osMessageQueueGet                        0x080056b5   Thumb Code    96  cmsis_os2.o(i.osMessageQueueGet)
    osMessageQueueNew                        0x08005719   Thumb Code    88  cmsis_os2.o(i.osMessageQueueNew)
    osMessageQueuePut                        0x08005771   Thumb Code   100  cmsis_os2.o(i.osMessageQueuePut)
    osThreadNew                              0x080057d9   Thumb Code   138  cmsis_os2.o(i.osThreadNew)
    pvPortMalloc                             0x08005ff9   Thumb Code   216  heap_4.o(i.pvPortMalloc)
    pxPortInitialiseStack                    0x080060d5   Thumb Code    32  port.o(i.pxPortInitialiseStack)
    uxListRemove                             0x080060f9   Thumb Code    38  list.o(i.uxListRemove)
    vApplicationGetIdleTaskMemory            0x08006121   Thumb Code    16  cmsis_os2.o(i.vApplicationGetIdleTaskMemory)
    vApplicationGetTimerTaskMemory           0x08006135   Thumb Code    18  cmsis_os2.o(i.vApplicationGetTimerTaskMemory)
    vListInitialise                          0x0800614d   Thumb Code    22  list.o(i.vListInitialise)
    vListInitialiseItem                      0x08006163   Thumb Code     6  list.o(i.vListInitialiseItem)
    vListInsert                              0x08006169   Thumb Code    48  list.o(i.vListInsert)
    vListInsertEnd                           0x08006199   Thumb Code    24  list.o(i.vListInsertEnd)
    vPortEnterCritical                       0x080061b1   Thumb Code    54  port.o(i.vPortEnterCritical)
    vPortExitCritical                        0x080061f1   Thumb Code    34  port.o(i.vPortExitCritical)
    vPortFree                                0x08006219   Thumb Code    94  heap_4.o(i.vPortFree)
    vPortSetupTimerInterrupt                 0x0800627d   Thumb Code    32  port.o(i.vPortSetupTimerInterrupt)
    vPortValidateInterruptPriority           0x080062a1   Thumb Code    74  port.o(i.vPortValidateInterruptPriority)
    vQueueAddToRegistry                      0x080062f5   Thumb Code    34  queue.o(i.vQueueAddToRegistry)
    vQueueWaitForMessageRestricted           0x0800631d   Thumb Code    68  queue.o(i.vQueueWaitForMessageRestricted)
    vTaskDelay                               0x08006361   Thumb Code    66  tasks.o(i.vTaskDelay)
    vTaskInternalSetTimeOutState             0x080063ad   Thumb Code    12  tasks.o(i.vTaskInternalSetTimeOutState)
    vTaskMissedYield                         0x080063bd   Thumb Code     8  tasks.o(i.vTaskMissedYield)
    vTaskPlaceOnEventList                    0x080063c9   Thumb Code    44  tasks.o(i.vTaskPlaceOnEventList)
    vTaskPlaceOnEventListRestricted          0x080063f9   Thumb Code    52  tasks.o(i.vTaskPlaceOnEventListRestricted)
    vTaskStartScheduler                      0x08006431   Thumb Code   118  tasks.o(i.vTaskStartScheduler)
    vTaskSuspendAll                          0x080064b9   Thumb Code    10  tasks.o(i.vTaskSuspendAll)
    vTaskSwitchContext                       0x080064c9   Thumb Code    90  tasks.o(i.vTaskSwitchContext)
    xPortGetFreeHeapSize                     0x0800652d   Thumb Code     6  heap_4.o(i.xPortGetFreeHeapSize)
    xPortStartScheduler                      0x08006539   Thumb Code   154  port.o(i.xPortStartScheduler)
    xPortSysTickHandler                      0x080065e1   Thumb Code    38  port.o(i.xPortSysTickHandler)
    xQueueGenericCreate                      0x0800660d   Thumb Code    66  queue.o(i.xQueueGenericCreate)
    xQueueGenericCreateStatic                0x0800664f   Thumb Code   102  queue.o(i.xQueueGenericCreateStatic)
    xQueueGenericReset                       0x080066b5   Thumb Code   132  queue.o(i.xQueueGenericReset)
    xQueueGenericSend                        0x0800673d   Thumb Code   346  queue.o(i.xQueueGenericSend)
    xQueueGenericSendFromISR                 0x0800689d   Thumb Code   190  queue.o(i.xQueueGenericSendFromISR)
    xQueueReceive                            0x0800695d   Thumb Code   308  queue.o(i.xQueueReceive)
    xQueueReceiveFromISR                     0x08006a95   Thumb Code   154  queue.o(i.xQueueReceiveFromISR)
    xTaskCheckForTimeOut                     0x08006b31   Thumb Code   112  tasks.o(i.xTaskCheckForTimeOut)
    xTaskCreate                              0x08006ba5   Thumb Code    90  tasks.o(i.xTaskCreate)
    xTaskCreateStatic                        0x08006bff   Thumb Code    86  tasks.o(i.xTaskCreateStatic)
    xTaskGetSchedulerState                   0x08006c55   Thumb Code    22  tasks.o(i.xTaskGetSchedulerState)
    xTaskGetTickCount                        0x08006c71   Thumb Code     6  tasks.o(i.xTaskGetTickCount)
    xTaskGetTickCountFromISR                 0x08006c7d   Thumb Code    12  tasks.o(i.xTaskGetTickCountFromISR)
    xTaskIncrementTick                       0x08006c8d   Thumb Code   192  tasks.o(i.xTaskIncrementTick)
    xTaskPriorityDisinherit                  0x08006d55   Thumb Code   118  tasks.o(i.xTaskPriorityDisinherit)
    xTaskRemoveFromEventList                 0x08006dd5   Thumb Code    98  tasks.o(i.xTaskRemoveFromEventList)
    xTaskResumeAll                           0x08006e45   Thumb Code   182  tasks.o(i.xTaskResumeAll)
    xTimerCreateTimerTask                    0x08006f09   Thumb Code    78  timers.o(i.xTimerCreateTimerTask)
    xTimerGenericCommand                     0x08006f69   Thumb Code    98  timers.o(i.xTimerGenericCommand)
    _get_lc_numeric                          0x08006fd1   Thumb Code    44  lc_numeric_c.o(locale$$code)
    _get_lc_ctype                            0x08006ffd   Thumb Code    44  lc_ctype_c.o(locale$$code)
    __aeabi_fadd                             0x08007029   Thumb Code     0  faddsub_clz.o(x$fpl$fadd)
    _fadd                                    0x08007029   Thumb Code   196  faddsub_clz.o(x$fpl$fadd)
    __aeabi_fdiv                             0x080070ed   Thumb Code     0  fdiv.o(x$fpl$fdiv)
    _fdiv                                    0x080070ed   Thumb Code   384  fdiv.o(x$fpl$fdiv)
    __aeabi_f2uiz                            0x08007271   Thumb Code     0  ffixu.o(x$fpl$ffixu)
    _ffixu                                   0x08007271   Thumb Code    62  ffixu.o(x$fpl$ffixu)
    __aeabi_ui2f                             0x080072b1   Thumb Code     0  fflt_clz.o(x$fpl$ffltu)
    _ffltu                                   0x080072b1   Thumb Code    38  fflt_clz.o(x$fpl$ffltu)
    __aeabi_fmul                             0x080072d9   Thumb Code     0  fmul.o(x$fpl$fmul)
    _fmul                                    0x080072d9   Thumb Code   258  fmul.o(x$fpl$fmul)
    __fpl_fnaninf                            0x080073db   Thumb Code   140  fnaninf.o(x$fpl$fnaninf)
    __fpl_fretinf                            0x08007467   Thumb Code    10  fretinf.o(x$fpl$fretinf)
    __aeabi_frsub                            0x08007471   Thumb Code     0  faddsub_clz.o(x$fpl$frsb)
    _frsb                                    0x08007471   Thumb Code    20  faddsub_clz.o(x$fpl$frsb)
    __aeabi_fsub                             0x08007485   Thumb Code     0  faddsub_clz.o(x$fpl$fsub)
    _fsub                                    0x08007485   Thumb Code   234  faddsub_clz.o(x$fpl$fsub)
    _printf_fp_dec                           0x0800756f   Thumb Code     4  printf1.o(x$fpl$printf1)
    _printf_fp_hex                           0x08007573   Thumb Code     4  printf2.o(x$fpl$printf2)
    __I$use$fp                               0x08007576   Number         0  usenofp.o(x$fpl$usenofp)
    OLED_attributes                          0x08007578   Data          36  freertos.o(.constdata)
    ACTION_attributes                        0x0800759c   Data          36  freertos.o(.constdata)
    UART_attributes                          0x080075c0   Data          36  freertos.o(.constdata)
    CMD_attributes                           0x080075e4   Data          24  freertos.o(.constdata)
    AHBPrescTable                            0x0800760e   Data          16  system_stm32f1xx.o(.constdata)
    APBPrescTable                            0x0800761e   Data           8  system_stm32f1xx.o(.constdata)
    Region$$Table$$Base                      0x08007948   Number         0  anon$$obj.o(Region$$Table)
    Region$$Table$$Limit                     0x08007968   Number         0  anon$$obj.o(Region$$Table)
    __ctype                                  0x08007991   Data           0  lc_ctype_c.o(locale$$data)
    uart_rx_complete                         0x20000000   Data           1  freertos.o(.data)
    OLEDHandle                               0x20000004   Data           4  freertos.o(.data)
    ACTIONHandle                             0x20000008   Data           4  freertos.o(.data)
    UARTHandle                               0x2000000c   Data           4  freertos.o(.data)
    CMDHandle                                0x20000010   Data           4  freertos.o(.data)
    uwTickFreq                               0x20000014   Data           1  stm32f1xx_hal.o(.data)
    uwTickPrio                               0x20000018   Data           4  stm32f1xx_hal.o(.data)
    uwTick                                   0x2000001c   Data           4  stm32f1xx_hal.o(.data)
    SystemCoreClock                          0x20000020   Data           4  system_stm32f1xx.o(.data)
    pxCurrentTCB                             0x20000024   Data           4  tasks.o(.data)
    Action_Mode                              0x200000a4   Data           1  action.o(.data)
    SwingDelay                               0x200000ac   Data           2  action.o(.data)
    SpeedDelay                               0x200000ae   Data           2  action.o(.data)
    CurrentCommand                           0x200000b0   Data           1  command.o(.data)
    hi2c1                                    0x200004bc   Data          84  i2c.o(.bss)
    hspi1                                    0x20000510   Data          88  spi.o(.bss)
    htim2                                    0x20000568   Data          72  tim.o(.bss)
    htim3                                    0x200005b0   Data          72  tim.o(.bss)
    huart1                                   0x200005f8   Data          72  usart.o(.bss)
    htim4                                    0x20000640   Data          72  stm32f1xx_hal_timebase_tim.o(.bss)
    xQueueRegistry                           0x20000688   Data          64  queue.o(.bss)
    g_advance_state                          0x20001f5c   Data          12  action.o(.bss)
    g_back_state                             0x20001f68   Data          12  action.o(.bss)
    g_lrotation_state                        0x20001f74   Data          12  action.o(.bss)
    g_rrotation_state                        0x20001f80   Data          12  action.o(.bss)
    g_swing_state                            0x20001f8c   Data          12  action.o(.bss)
    g_swingtail_state                        0x20001f98   Data          12  action.o(.bss)
    __libspace_start                         0x200021b0   Data          96  libspace.o(.bss)
    __temporary_stack_top$libspace           0x20002210   Data           0  libspace.o(.bss)



==============================================================================

Memory Map of the image

  Image Entry point : 0x080000ed

  Load Region LR_IROM1 (Base: 0x08000000, Size: 0x00007b50, Max: 0x00010000, ABSOLUTE)

    Execution Region ER_IROM1 (Exec base: 0x08000000, Load base: 0x08000000, Size: 0x00007a94, Max: 0x00010000, ABSOLUTE)

    Exec Addr    Load Addr    Size         Type   Attr      Idx    E Section Name        Object

    0x08000000   0x08000000   0x000000ec   Data   RO            3    RESET               startup_stm32f103xb.o
    0x080000ec   0x080000ec   0x00000008   Code   RO         6047  * !!!main             c_w.l(__main.o)
    0x080000f4   0x080000f4   0x00000034   Code   RO         6400    !!!scatter          c_w.l(__scatter.o)
    0x08000128   0x08000128   0x0000001a   Code   RO         6402    !!handler_copy      c_w.l(__scatter_copy.o)
    0x08000142   0x08000142   0x00000002   PAD
    0x08000144   0x08000144   0x0000001c   Code   RO         6404    !!handler_zi        c_w.l(__scatter_zi.o)
    0x08000160   0x08000160   0x00000000   Code   RO         6155    .ARM.Collect$$_printf_percent$$00000000  c_w.l(_printf_percent.o)
    0x08000160   0x08000160   0x00000006   Code   RO         6144    .ARM.Collect$$_printf_percent$$00000001  c_w.l(_printf_n.o)
    0x08000166   0x08000166   0x00000006   Code   RO         6146    .ARM.Collect$$_printf_percent$$00000002  c_w.l(_printf_p.o)
    0x0800016c   0x0800016c   0x00000006   Code   RO         6151    .ARM.Collect$$_printf_percent$$00000003  c_w.l(_printf_f.o)
    0x08000172   0x08000172   0x00000006   Code   RO         6152    .ARM.Collect$$_printf_percent$$00000004  c_w.l(_printf_e.o)
    0x08000178   0x08000178   0x00000006   Code   RO         6153    .ARM.Collect$$_printf_percent$$00000005  c_w.l(_printf_g.o)
    0x0800017e   0x0800017e   0x00000006   Code   RO         6154    .ARM.Collect$$_printf_percent$$00000006  c_w.l(_printf_a.o)
    0x08000184   0x08000184   0x0000000a   Code   RO         6159    .ARM.Collect$$_printf_percent$$00000007  c_w.l(_printf_ll.o)
    0x0800018e   0x0800018e   0x00000006   Code   RO         6148    .ARM.Collect$$_printf_percent$$00000008  c_w.l(_printf_i.o)
    0x08000194   0x08000194   0x00000006   Code   RO         6149    .ARM.Collect$$_printf_percent$$00000009  c_w.l(_printf_d.o)
    0x0800019a   0x0800019a   0x00000006   Code   RO         6150    .ARM.Collect$$_printf_percent$$0000000A  c_w.l(_printf_u.o)
    0x080001a0   0x080001a0   0x00000006   Code   RO         6147    .ARM.Collect$$_printf_percent$$0000000B  c_w.l(_printf_o.o)
    0x080001a6   0x080001a6   0x00000006   Code   RO         6145    .ARM.Collect$$_printf_percent$$0000000C  c_w.l(_printf_x.o)
    0x080001ac   0x080001ac   0x00000006   Code   RO         6156    .ARM.Collect$$_printf_percent$$0000000D  c_w.l(_printf_lli.o)
    0x080001b2   0x080001b2   0x00000006   Code   RO         6157    .ARM.Collect$$_printf_percent$$0000000E  c_w.l(_printf_lld.o)
    0x080001b8   0x080001b8   0x00000006   Code   RO         6158    .ARM.Collect$$_printf_percent$$0000000F  c_w.l(_printf_llu.o)
    0x080001be   0x080001be   0x00000006   Code   RO         6163    .ARM.Collect$$_printf_percent$$00000010  c_w.l(_printf_llo.o)
    0x080001c4   0x080001c4   0x00000006   Code   RO         6164    .ARM.Collect$$_printf_percent$$00000011  c_w.l(_printf_llx.o)
    0x080001ca   0x080001ca   0x0000000a   Code   RO         6160    .ARM.Collect$$_printf_percent$$00000012  c_w.l(_printf_l.o)
    0x080001d4   0x080001d4   0x00000006   Code   RO         6142    .ARM.Collect$$_printf_percent$$00000013  c_w.l(_printf_c.o)
    0x080001da   0x080001da   0x00000006   Code   RO         6143    .ARM.Collect$$_printf_percent$$00000014  c_w.l(_printf_s.o)
    0x080001e0   0x080001e0   0x00000006   Code   RO         6161    .ARM.Collect$$_printf_percent$$00000015  c_w.l(_printf_lc.o)
    0x080001e6   0x080001e6   0x00000006   Code   RO         6162    .ARM.Collect$$_printf_percent$$00000016  c_w.l(_printf_ls.o)
    0x080001ec   0x080001ec   0x00000004   Code   RO         6210    .ARM.Collect$$_printf_percent$$00000017  c_w.l(_printf_percent_end.o)
    0x080001f0   0x080001f0   0x00000002   Code   RO         6259    .ARM.Collect$$libinit$$00000000  c_w.l(libinit.o)
    0x080001f2   0x080001f2   0x00000000   Code   RO         6275    .ARM.Collect$$libinit$$00000002  c_w.l(libinit2.o)
    0x080001f2   0x080001f2   0x00000000   Code   RO         6277    .ARM.Collect$$libinit$$00000004  c_w.l(libinit2.o)
    0x080001f2   0x080001f2   0x00000000   Code   RO         6280    .ARM.Collect$$libinit$$0000000A  c_w.l(libinit2.o)
    0x080001f2   0x080001f2   0x00000000   Code   RO         6282    .ARM.Collect$$libinit$$0000000C  c_w.l(libinit2.o)
    0x080001f2   0x080001f2   0x00000000   Code   RO         6284    .ARM.Collect$$libinit$$0000000E  c_w.l(libinit2.o)
    0x080001f2   0x080001f2   0x00000006   Code   RO         6285    .ARM.Collect$$libinit$$0000000F  c_w.l(libinit2.o)
    0x080001f8   0x080001f8   0x00000000   Code   RO         6287    .ARM.Collect$$libinit$$00000011  c_w.l(libinit2.o)
    0x080001f8   0x080001f8   0x0000000c   Code   RO         6288    .ARM.Collect$$libinit$$00000012  c_w.l(libinit2.o)
    0x08000204   0x08000204   0x00000000   Code   RO         6289    .ARM.Collect$$libinit$$00000013  c_w.l(libinit2.o)
    0x08000204   0x08000204   0x00000000   Code   RO         6291    .ARM.Collect$$libinit$$00000015  c_w.l(libinit2.o)
    0x08000204   0x08000204   0x0000000a   Code   RO         6292    .ARM.Collect$$libinit$$00000016  c_w.l(libinit2.o)
    0x0800020e   0x0800020e   0x00000000   Code   RO         6293    .ARM.Collect$$libinit$$00000017  c_w.l(libinit2.o)
    0x0800020e   0x0800020e   0x00000000   Code   RO         6295    .ARM.Collect$$libinit$$00000019  c_w.l(libinit2.o)
    0x0800020e   0x0800020e   0x00000000   Code   RO         6297    .ARM.Collect$$libinit$$0000001B  c_w.l(libinit2.o)
    0x0800020e   0x0800020e   0x00000000   Code   RO         6299    .ARM.Collect$$libinit$$0000001D  c_w.l(libinit2.o)
    0x0800020e   0x0800020e   0x00000000   Code   RO         6301    .ARM.Collect$$libinit$$0000001F  c_w.l(libinit2.o)
    0x0800020e   0x0800020e   0x00000000   Code   RO         6303    .ARM.Collect$$libinit$$00000021  c_w.l(libinit2.o)
    0x0800020e   0x0800020e   0x00000000   Code   RO         6305    .ARM.Collect$$libinit$$00000023  c_w.l(libinit2.o)
    0x0800020e   0x0800020e   0x00000000   Code   RO         6307    .ARM.Collect$$libinit$$00000025  c_w.l(libinit2.o)
    0x0800020e   0x0800020e   0x00000000   Code   RO         6311    .ARM.Collect$$libinit$$0000002C  c_w.l(libinit2.o)
    0x0800020e   0x0800020e   0x00000000   Code   RO         6313    .ARM.Collect$$libinit$$0000002E  c_w.l(libinit2.o)
    0x0800020e   0x0800020e   0x00000000   Code   RO         6315    .ARM.Collect$$libinit$$00000030  c_w.l(libinit2.o)
    0x0800020e   0x0800020e   0x00000000   Code   RO         6317    .ARM.Collect$$libinit$$00000032  c_w.l(libinit2.o)
    0x0800020e   0x0800020e   0x00000002   Code   RO         6318    .ARM.Collect$$libinit$$00000033  c_w.l(libinit2.o)
    0x08000210   0x08000210   0x00000002   Code   RO         6338    .ARM.Collect$$libshutdown$$00000000  c_w.l(libshutdown.o)
    0x08000212   0x08000212   0x00000000   Code   RO         6351    .ARM.Collect$$libshutdown$$00000002  c_w.l(libshutdown2.o)
    0x08000212   0x08000212   0x00000000   Code   RO         6353    .ARM.Collect$$libshutdown$$00000004  c_w.l(libshutdown2.o)
    0x08000212   0x08000212   0x00000000   Code   RO         6355    .ARM.Collect$$libshutdown$$00000006  c_w.l(libshutdown2.o)
    0x08000212   0x08000212   0x00000000   Code   RO         6358    .ARM.Collect$$libshutdown$$00000009  c_w.l(libshutdown2.o)
    0x08000212   0x08000212   0x00000000   Code   RO         6361    .ARM.Collect$$libshutdown$$0000000C  c_w.l(libshutdown2.o)
    0x08000212   0x08000212   0x00000000   Code   RO         6363    .ARM.Collect$$libshutdown$$0000000E  c_w.l(libshutdown2.o)
    0x08000212   0x08000212   0x00000000   Code   RO         6366    .ARM.Collect$$libshutdown$$00000011  c_w.l(libshutdown2.o)
    0x08000212   0x08000212   0x00000002   Code   RO         6367    .ARM.Collect$$libshutdown$$00000012  c_w.l(libshutdown2.o)
    0x08000214   0x08000214   0x00000000   Code   RO         6071    .ARM.Collect$$rtentry$$00000000  c_w.l(__rtentry.o)
    0x08000214   0x08000214   0x00000000   Code   RO         6181    .ARM.Collect$$rtentry$$00000002  c_w.l(__rtentry2.o)
    0x08000214   0x08000214   0x00000006   Code   RO         6193    .ARM.Collect$$rtentry$$00000004  c_w.l(__rtentry4.o)
    0x0800021a   0x0800021a   0x00000000   Code   RO         6183    .ARM.Collect$$rtentry$$00000009  c_w.l(__rtentry2.o)
    0x0800021a   0x0800021a   0x00000004   Code   RO         6184    .ARM.Collect$$rtentry$$0000000A  c_w.l(__rtentry2.o)
    0x0800021e   0x0800021e   0x00000000   Code   RO         6186    .ARM.Collect$$rtentry$$0000000C  c_w.l(__rtentry2.o)
    0x0800021e   0x0800021e   0x00000008   Code   RO         6187    .ARM.Collect$$rtentry$$0000000D  c_w.l(__rtentry2.o)
    0x08000226   0x08000226   0x00000002   Code   RO         6267    .ARM.Collect$$rtexit$$00000000  c_w.l(rtexit.o)
    0x08000228   0x08000228   0x00000000   Code   RO         6320    .ARM.Collect$$rtexit$$00000002  c_w.l(rtexit2.o)
    0x08000228   0x08000228   0x00000004   Code   RO         6321    .ARM.Collect$$rtexit$$00000003  c_w.l(rtexit2.o)
    0x0800022c   0x0800022c   0x00000006   Code   RO         6322    .ARM.Collect$$rtexit$$00000004  c_w.l(rtexit2.o)
    0x08000232   0x08000232   0x00000002   PAD
    0x08000234   0x08000234   0x00000096   Code   RO         5462    .emb_text           port.o
    0x080002ca   0x080002ca   0x00000002   PAD
    0x080002cc   0x080002cc   0x00000040   Code   RO            4    .text               startup_stm32f103xb.o
    0x0800030c   0x0800030c   0x00000034   Code   RO         6031    .text               c_w.l(vsnprintf.o)
    0x08000340   0x08000340   0x0000003e   Code   RO         6033    .text               c_w.l(strlen.o)
    0x0800037e   0x0800037e   0x0000008a   Code   RO         6035    .text               c_w.l(rt_memcpy_v6.o)
    0x08000408   0x08000408   0x00000010   Code   RO         6039    .text               c_w.l(aeabi_memset.o)
    0x08000418   0x08000418   0x00000044   Code   RO         6041    .text               c_w.l(rt_memclr.o)
    0x0800045c   0x0800045c   0x0000004e   Code   RO         6043    .text               c_w.l(rt_memclr_w.o)
    0x080004aa   0x080004aa   0x00000006   Code   RO         6045    .text               c_w.l(heapauxi.o)
    0x080004b0   0x080004b0   0x0000004e   Code   RO         6074    .text               c_w.l(_printf_pad.o)
    0x080004fe   0x080004fe   0x00000024   Code   RO         6076    .text               c_w.l(_printf_truncate.o)
    0x08000522   0x08000522   0x00000052   Code   RO         6078    .text               c_w.l(_printf_str.o)
    0x08000574   0x08000574   0x00000078   Code   RO         6080    .text               c_w.l(_printf_dec.o)
    0x080005ec   0x080005ec   0x00000028   Code   RO         6082    .text               c_w.l(_printf_charcount.o)
    0x08000614   0x08000614   0x00000030   Code   RO         6084    .text               c_w.l(_printf_char_common.o)
    0x08000644   0x08000644   0x0000000a   Code   RO         6086    .text               c_w.l(_sputc.o)
    0x0800064e   0x0800064e   0x00000010   Code   RO         6088    .text               c_w.l(_snputc.o)
    0x0800065e   0x0800065e   0x00000002   PAD
    0x08000660   0x08000660   0x000000bc   Code   RO         6090    .text               c_w.l(_printf_wctomb.o)
    0x0800071c   0x0800071c   0x0000007c   Code   RO         6093    .text               c_w.l(_printf_longlong_dec.o)
    0x08000798   0x08000798   0x00000070   Code   RO         6099    .text               c_w.l(_printf_oct_int_ll.o)
    0x08000808   0x08000808   0x00000094   Code   RO         6119    .text               c_w.l(_printf_hex_int_ll_ptr.o)
    0x0800089c   0x0800089c   0x00000188   Code   RO         6139    .text               c_w.l(__printf_flags_ss_wp.o)
    0x08000a24   0x08000a24   0x00000064   Code   RO         6165    .text               c_w.l(rt_memcpy_w.o)
    0x08000a88   0x08000a88   0x0000008a   Code   RO         6195    .text               c_w.l(lludiv10.o)
    0x08000b12   0x08000b12   0x000000b2   Code   RO         6197    .text               c_w.l(_printf_intcommon.o)
    0x08000bc4   0x08000bc4   0x0000041e   Code   RO         6199    .text               c_w.l(_printf_fp_dec.o)
    0x08000fe2   0x08000fe2   0x00000002   PAD
    0x08000fe4   0x08000fe4   0x000002fc   Code   RO         6201    .text               c_w.l(_printf_fp_hex.o)
    0x080012e0   0x080012e0   0x0000002c   Code   RO         6206    .text               c_w.l(_printf_char.o)
    0x0800130c   0x0800130c   0x0000002c   Code   RO         6208    .text               c_w.l(_printf_wchar.o)
    0x08001338   0x08001338   0x00000040   Code   RO         6211    .text               c_w.l(_wcrtomb.o)
    0x08001378   0x08001378   0x0000004a   Code   RO         6213    .text               c_w.l(sys_stackheap_outer.o)
    0x080013c2   0x080013c2   0x00000002   PAD
    0x080013c4   0x080013c4   0x00000010   Code   RO         6215    .text               c_w.l(rt_ctype_table.o)
    0x080013d4   0x080013d4   0x00000008   Code   RO         6220    .text               c_w.l(rt_locale_intlibspace.o)
    0x080013dc   0x080013dc   0x00000080   Code   RO         6222    .text               c_w.l(_printf_fp_infnan.o)
    0x0800145c   0x0800145c   0x000000e4   Code   RO         6224    .text               c_w.l(bigflt0.o)
    0x08001540   0x08001540   0x00000012   Code   RO         6252    .text               c_w.l(exit.o)
    0x08001552   0x08001552   0x00000002   PAD
    0x08001554   0x08001554   0x00000008   Code   RO         6264    .text               c_w.l(libspace.o)
    0x0800155c   0x0800155c   0x00000080   Code   RO         6272    .text               c_w.l(strcmpv7m.o)
    0x080015dc   0x080015dc   0x0000000c   Code   RO         6330    .text               c_w.l(sys_exit.o)
    0x080015e8   0x080015e8   0x00000002   Code   RO         6341    .text               c_w.l(use_no_semi.o)
    0x080015ea   0x080015ea   0x00000000   Code   RO         6343    .text               c_w.l(indicate_semi.o)
    0x080015ea   0x080015ea   0x0000003e   Code   RO         6227    CL$$btod_d2e        c_w.l(btod.o)
    0x08001628   0x08001628   0x00000046   Code   RO         6229    CL$$btod_d2e_denorm_low  c_w.l(btod.o)
    0x0800166e   0x0800166e   0x00000060   Code   RO         6228    CL$$btod_d2e_norm_op1  c_w.l(btod.o)
    0x080016ce   0x080016ce   0x00000338   Code   RO         6237    CL$$btod_div_common  c_w.l(btod.o)
    0x08001a06   0x08001a06   0x000000dc   Code   RO         6234    CL$$btod_e2e        c_w.l(btod.o)
    0x08001ae2   0x08001ae2   0x0000002a   Code   RO         6231    CL$$btod_ediv       c_w.l(btod.o)
    0x08001b0c   0x08001b0c   0x0000002a   Code   RO         6230    CL$$btod_emul       c_w.l(btod.o)
    0x08001b36   0x08001b36   0x00000244   Code   RO         6236    CL$$btod_mult_common  c_w.l(btod.o)
    0x08001d7a   0x08001d7a   0x0000000c   Code   RO         5721    i.Action_InitState  action.o
    0x08001d86   0x08001d86   0x00000002   PAD
    0x08001d88   0x08001d88   0x0000004c   Code   RO         5722    i.Action_Lrotation  action.o
    0x08001dd4   0x08001dd4   0x00000012   Code   RO         5723    i.Action_NextStep   action.o
    0x08001de6   0x08001de6   0x00000002   PAD
    0x08001de8   0x08001de8   0x0000004c   Code   RO         5724    i.Action_Rrotation  action.o
    0x08001e34   0x08001e34   0x0000001c   Code   RO         5725    i.Action_ShouldExecuteStep  action.o
    0x08001e50   0x08001e50   0x0000005c   Code   RO         5726    i.Action_Swing      action.o
    0x08001eac   0x08001eac   0x00000054   Code   RO         5727    i.Action_SwingTail  action.o
    0x08001f00   0x08001f00   0x0000004c   Code   RO         5728    i.Action_advance    action.o
    0x08001f4c   0x08001f4c   0x0000004c   Code   RO         5729    i.Action_back       action.o
    0x08001f98   0x08001f98   0x00000010   Code   RO         5730    i.Action_getdowm    action.o
    0x08001fa8   0x08001fa8   0x00000014   Code   RO         5731    i.Action_relaxed_getdowm  action.o
    0x08001fbc   0x08001fbc   0x00000014   Code   RO         5732    i.Action_sit        action.o
    0x08001fd0   0x08001fd0   0x00000010   Code   RO         5733    i.Action_upright    action.o
    0x08001fe0   0x08001fe0   0x00000030   Code   RO         5974    i.BSP_OTA_UART_EnterBootloader  bsp_ota_boot.o
    0x08002010   0x08002010   0x00000054   Code   RO         5975    i.BSP_OTA_UART_HandleByte  bsp_ota_boot.o
    0x08002064   0x08002064   0x00000014   Code   RO         5976    i.BSP_OTA_UART_IsQuietWindowActive  bsp_ota_boot.o
    0x08002078   0x08002078   0x00000090   Code   RO         5977    i.BSP_OTA_UART_JumpToSystemBootloader  bsp_ota_boot.o
    0x08002108   0x08002108   0x00000010   Code   RO         5978    i.BSP_OTA_UART_Reset  bsp_ota_boot.o
    0x08002118   0x08002118   0x00000010   Code   RO         5905    i.BSP_UART_Init     bsp_uart.o
    0x08002128   0x08002128   0x00000028   Code   RO         5908    i.BSP_UART_Send     bsp_uart.o
    0x08002150   0x08002150   0x00000002   Code   RO          505    i.BusFault_Handler  stm32f1xx_it.o
    0x08002152   0x08002152   0x00000002   Code   RO          506    i.DebugMon_Handler  stm32f1xx_it.o
    0x08002154   0x08002154   0x00000004   Code   RO           13    i.Error_Handler     main.o
    0x08002158   0x08002158   0x00000028   Code   RO         5855    i.GetCommandData    command.o
    0x08002180   0x08002180   0x0000000c   Code   RO         5856    i.GetCurrentCommand  command.o
    0x0800218c   0x0800218c   0x00000046   Code   RO         2028    i.HAL_DMA_Abort     stm32f1xx_hal_dma.o
    0x080021d2   0x080021d2   0x00000002   PAD
    0x080021d4   0x080021d4   0x00000098   Code   RO         2029    i.HAL_DMA_Abort_IT  stm32f1xx_hal_dma.o
    0x0800226c   0x0800226c   0x00000020   Code   RO         1653    i.HAL_DeInit        stm32f1xx_hal.o
    0x0800228c   0x0800228c   0x00000118   Code   RO         1961    i.HAL_GPIO_DeInit   stm32f1xx_hal_gpio.o
    0x080023a4   0x080023a4   0x000001e0   Code   RO         1964    i.HAL_GPIO_Init     stm32f1xx_hal_gpio.o
    0x08002584   0x08002584   0x0000000a   Code   RO         1968    i.HAL_GPIO_WritePin  stm32f1xx_hal_gpio.o
    0x0800258e   0x0800258e   0x00000002   PAD
    0x08002590   0x08002590   0x0000000c   Code   RO         1658    i.HAL_GetTick       stm32f1xx_hal.o
    0x0800259c   0x0800259c   0x00000188   Code   RO         2635    i.HAL_I2C_Init      stm32f1xx_hal_i2c.o
    0x08002724   0x08002724   0x00000130   Code   RO         2656    i.HAL_I2C_Mem_Write  stm32f1xx_hal_i2c.o
    0x08002854   0x08002854   0x0000005c   Code   RO          326    i.HAL_I2C_MspInit   i2c.o
    0x080028b0   0x080028b0   0x00000010   Code   RO         1664    i.HAL_IncTick       stm32f1xx_hal.o
    0x080028c0   0x080028c0   0x00000024   Code   RO         1665    i.HAL_Init          stm32f1xx_hal.o
    0x080028e4   0x080028e4   0x00000098   Code   RO          599    i.HAL_InitTick      stm32f1xx_hal_timebase_tim.o
    0x0800297c   0x0800297c   0x00000002   Code   RO         1667    i.HAL_MspDeInit     stm32f1xx_hal.o
    0x0800297e   0x0800297e   0x00000002   PAD
    0x08002980   0x08002980   0x00000048   Code   RO          575    i.HAL_MspInit       stm32f1xx_hal_msp.o
    0x080029c8   0x080029c8   0x0000001a   Code   RO         2124    i.HAL_NVIC_EnableIRQ  stm32f1xx_hal_cortex.o
    0x080029e2   0x080029e2   0x00000002   PAD
    0x080029e4   0x080029e4   0x00000040   Code   RO         2130    i.HAL_NVIC_SetPriority  stm32f1xx_hal_cortex.o
    0x08002a24   0x08002a24   0x00000024   Code   RO         2131    i.HAL_NVIC_SetPriorityGrouping  stm32f1xx_hal_cortex.o
    0x08002a48   0x08002a48   0x0000012c   Code   RO         1822    i.HAL_RCC_ClockConfig  stm32f1xx_hal_rcc.o
    0x08002b74   0x08002b74   0x000000dc   Code   RO         1823    i.HAL_RCC_DeInit    stm32f1xx_hal_rcc.o
    0x08002c50   0x08002c50   0x00000040   Code   RO         1826    i.HAL_RCC_GetClockConfig  stm32f1xx_hal_rcc.o
    0x08002c90   0x08002c90   0x00000020   Code   RO         1829    i.HAL_RCC_GetPCLK1Freq  stm32f1xx_hal_rcc.o
    0x08002cb0   0x08002cb0   0x00000020   Code   RO         1830    i.HAL_RCC_GetPCLK2Freq  stm32f1xx_hal_rcc.o
    0x08002cd0   0x08002cd0   0x0000004c   Code   RO         1831    i.HAL_RCC_GetSysClockFreq  stm32f1xx_hal_rcc.o
    0x08002d1c   0x08002d1c   0x00000320   Code   RO         1834    i.HAL_RCC_OscConfig  stm32f1xx_hal_rcc.o
    0x0800303c   0x0800303c   0x000000b2   Code   RO         3072    i.HAL_SPI_Init      stm32f1xx_hal_spi.o
    0x080030ee   0x080030ee   0x00000002   PAD
    0x080030f0   0x080030f0   0x00000070   Code   RO          368    i.HAL_SPI_MspInit   spi.o
    0x08003160   0x08003160   0x00000154   Code   RO         3075    i.HAL_SPI_Receive   stm32f1xx_hal_spi.o
    0x080032b4   0x080032b4   0x000001f0   Code   RO         3081    i.HAL_SPI_TransmitReceive  stm32f1xx_hal_spi.o
    0x080034a4   0x080034a4   0x00000002   Code   RO         1380    i.HAL_TIMEx_BreakCallback  stm32f1xx_hal_tim_ex.o
    0x080034a6   0x080034a6   0x00000002   Code   RO         1381    i.HAL_TIMEx_CommutCallback  stm32f1xx_hal_tim_ex.o
    0x080034a8   0x080034a8   0x00000068   Code   RO         1399    i.HAL_TIMEx_MasterConfigSynchronization  stm32f1xx_hal_tim_ex.o
    0x08003510   0x08003510   0x0000005a   Code   RO          676    i.HAL_TIM_Base_Init  stm32f1xx_hal_tim.o
    0x0800356a   0x0800356a   0x00000002   Code   RO          678    i.HAL_TIM_Base_MspInit  stm32f1xx_hal_tim.o
    0x0800356c   0x0800356c   0x00000058   Code   RO          681    i.HAL_TIM_Base_Start_IT  stm32f1xx_hal_tim.o
    0x080035c4   0x080035c4   0x00000002   Code   RO          710    i.HAL_TIM_IC_CaptureCallback  stm32f1xx_hal_tim.o
    0x080035c6   0x080035c6   0x00000130   Code   RO          724    i.HAL_TIM_IRQHandler  stm32f1xx_hal_tim.o
    0x080036f6   0x080036f6   0x00000002   PAD
    0x080036f8   0x080036f8   0x0000008c   Code   RO          409    i.HAL_TIM_MspPostInit  tim.o
    0x08003784   0x08003784   0x00000002   Code   RO          727    i.HAL_TIM_OC_DelayElapsedCallback  stm32f1xx_hal_tim.o
    0x08003786   0x08003786   0x000000cc   Code   RO          748    i.HAL_TIM_PWM_ConfigChannel  stm32f1xx_hal_tim.o
    0x08003852   0x08003852   0x0000005a   Code   RO          751    i.HAL_TIM_PWM_Init  stm32f1xx_hal_tim.o
    0x080038ac   0x080038ac   0x0000003c   Code   RO          411    i.HAL_TIM_PWM_MspInit  tim.o
    0x080038e8   0x080038e8   0x00000002   Code   RO          754    i.HAL_TIM_PWM_PulseFinishedCallback  stm32f1xx_hal_tim.o
    0x080038ea   0x080038ea   0x00000002   PAD
    0x080038ec   0x080038ec   0x0000009c   Code   RO          756    i.HAL_TIM_PWM_Start  stm32f1xx_hal_tim.o
    0x08003988   0x08003988   0x00000070   Code   RO          759    i.HAL_TIM_PWM_Stop  stm32f1xx_hal_tim.o
    0x080039f8   0x080039f8   0x00000014   Code   RO           14    i.HAL_TIM_PeriodElapsedCallback  main.o
    0x08003a0c   0x08003a0c   0x00000002   Code   RO          767    i.HAL_TIM_TriggerCallback  stm32f1xx_hal_tim.o
    0x08003a0e   0x08003a0e   0x00000002   Code   RO         3395    i.HAL_UARTEx_RxEventCallback  stm32f1xx_hal_uart.o
    0x08003a10   0x08003a10   0x00000002   Code   RO         3399    i.HAL_UART_AbortReceiveCpltCallback  stm32f1xx_hal_uart.o
    0x08003a12   0x08003a12   0x00000002   PAD
    0x08003a14   0x08003a14   0x00000098   Code   RO         3400    i.HAL_UART_AbortReceive_IT  stm32f1xx_hal_uart.o
    0x08003aac   0x08003aac   0x00000036   Code   RO         3408    i.HAL_UART_DeInit   stm32f1xx_hal_uart.o
    0x08003ae2   0x08003ae2   0x00000002   Code   RO         3409    i.HAL_UART_ErrorCallback  stm32f1xx_hal_uart.o
    0x08003ae4   0x08003ae4   0x0000026c   Code   RO         3412    i.HAL_UART_IRQHandler  stm32f1xx_hal_uart.o
    0x08003d50   0x08003d50   0x00000064   Code   RO         3413    i.HAL_UART_Init     stm32f1xx_hal_uart.o
    0x08003db4   0x08003db4   0x0000002c   Code   RO          463    i.HAL_UART_MspDeInit  usart.o
    0x08003de0   0x08003de0   0x00000080   Code   RO          464    i.HAL_UART_MspInit  usart.o
    0x08003e60   0x08003e60   0x0000001c   Code   RO         3418    i.HAL_UART_Receive_IT  stm32f1xx_hal_uart.o
    0x08003e7c   0x08003e7c   0x00000018   Code   RO          245    i.HAL_UART_RxCpltCallback  freertos.o
    0x08003e94   0x08003e94   0x000000a0   Code   RO         3421    i.HAL_UART_Transmit  stm32f1xx_hal_uart.o
    0x08003f34   0x08003f34   0x00000002   Code   RO         3424    i.HAL_UART_TxCpltCallback  stm32f1xx_hal_uart.o
    0x08003f36   0x08003f36   0x00000002   Code   RO          507    i.HardFault_Handler  stm32f1xx_it.o
    0x08003f38   0x08003f38   0x0000002e   Code   RO         2678    i.I2C_IsAcknowledgeFailed  stm32f1xx_hal_i2c.o
    0x08003f66   0x08003f66   0x00000002   PAD
    0x08003f68   0x08003f68   0x000000a8   Code   RO         2689    i.I2C_RequestMemoryWrite  stm32f1xx_hal_i2c.o
    0x08004010   0x08004010   0x00000056   Code   RO         2693    i.I2C_WaitOnBTFFlagUntilTimeout  stm32f1xx_hal_i2c.o
    0x08004066   0x08004066   0x00000002   PAD
    0x08004068   0x08004068   0x00000090   Code   RO         2694    i.I2C_WaitOnFlagUntilTimeout  stm32f1xx_hal_i2c.o
    0x080040f8   0x080040f8   0x000000bc   Code   RO         2695    i.I2C_WaitOnMasterAddressFlagUntilTimeout  stm32f1xx_hal_i2c.o
    0x080041b4   0x080041b4   0x00000056   Code   RO         2697    i.I2C_WaitOnTXEFlagUntilTimeout  stm32f1xx_hal_i2c.o
    0x0800420a   0x0800420a   0x00000002   PAD
    0x0800420c   0x0800420c   0x00000050   Code   RO          246    i.MX_FREERTOS_Init  freertos.o
    0x0800425c   0x0800425c   0x00000080   Code   RO          221    i.MX_GPIO_Init      gpio.o
    0x080042dc   0x080042dc   0x00000040   Code   RO          327    i.MX_I2C1_Init      i2c.o
    0x0800431c   0x0800431c   0x00000048   Code   RO          369    i.MX_SPI1_Init      spi.o
    0x08004364   0x08004364   0x000000a0   Code   RO          412    i.MX_TIM2_Init      tim.o
    0x08004404   0x08004404   0x00000074   Code   RO          413    i.MX_TIM3_Init      tim.o
    0x08004478   0x08004478   0x00000038   Code   RO          465    i.MX_USART1_UART_Init  usart.o
    0x080044b0   0x080044b0   0x00000002   Code   RO          508    i.MemManage_Handler  stm32f1xx_it.o
    0x080044b2   0x080044b2   0x00000002   Code   RO          509    i.NMI_Handler       stm32f1xx_it.o
    0x080044b4   0x080044b4   0x00000006   Code   RO         5556    i.OLED_CLS          bsp_oled_debug.o
    0x080044ba   0x080044ba   0x0000003e   Code   RO         5557    i.OLED_DrawBMP      bsp_oled_debug.o
    0x080044f8   0x080044f8   0x00000038   Code   RO         5558    i.OLED_Fill         bsp_oled_debug.o
    0x08004530   0x08004530   0x000000d2   Code   RO         5559    i.OLED_Init         bsp_oled_debug.o
    0x08004602   0x08004602   0x00000026   Code   RO         5562    i.OLED_SetPos       bsp_oled_debug.o
    0x08004628   0x08004628   0x00000024   Code   RO         5565    i.Oled_Write_Cmd    bsp_oled_debug.o
    0x0800464c   0x0800464c   0x00000024   Code   RO         5566    i.Oled_Write_Data   bsp_oled_debug.o
    0x08004670   0x08004670   0x0000005c   Code   RO         3109    i.SPI_EndRxTransaction  stm32f1xx_hal_spi.o
    0x080046cc   0x080046cc   0x00000034   Code   RO         3110    i.SPI_EndRxTxTransaction  stm32f1xx_hal_spi.o
    0x08004700   0x08004700   0x000000b8   Code   RO         3115    i.SPI_WaitFlagStateUntilTimeout  stm32f1xx_hal_spi.o
    0x080047b8   0x080047b8   0x00000024   Code   RO         5857    i.SendCommand       command.o
    0x080047dc   0x080047dc   0x00000030   Code   RO         5734    i.Servo_1           action.o
    0x0800480c   0x0800480c   0x00000038   Code   RO         5735    i.Servo_2           action.o
    0x08004844   0x08004844   0x00000030   Code   RO         5736    i.Servo_3           action.o
    0x08004874   0x08004874   0x00000038   Code   RO         5737    i.Servo_4           action.o
    0x080048ac   0x080048ac   0x00000030   Code   RO         5738    i.Servo_5           action.o
    0x080048dc   0x080048dc   0x00000022   Code   RO         5739    i.SetAllServos      action.o
    0x080048fe   0x080048fe   0x00000002   PAD
    0x08004900   0x08004900   0x0000025c   Code   RO          247    i.StartAction       freertos.o
    0x08004b5c   0x08004b5c   0x00000080   Code   RO          248    i.StartOLED         freertos.o
    0x08004bdc   0x08004bdc   0x000003d8   Code   RO          249    i.StartUART         freertos.o
    0x08004fb4   0x08004fb4   0x0000001a   Code   RO         4894    i.SysTick_Handler   cmsis_os2.o
    0x08004fce   0x08004fce   0x0000005e   Code   RO           15    i.SystemClock_Config  main.o
    0x0800502c   0x0800502c   0x00000002   Code   RO         3747    i.SystemInit        system_stm32f1xx.o
    0x0800502e   0x0800502e   0x00000002   PAD
    0x08005030   0x08005030   0x0000000c   Code   RO          510    i.TIM4_IRQHandler   stm32f1xx_it.o
    0x0800503c   0x0800503c   0x00000078   Code   RO          769    i.TIM_Base_SetConfig  stm32f1xx_hal_tim.o
    0x080050b4   0x080050b4   0x0000001a   Code   RO          770    i.TIM_CCxChannelCmd  stm32f1xx_hal_tim.o
    0x080050ce   0x080050ce   0x00000002   PAD
    0x080050d0   0x080050d0   0x00000050   Code   RO          782    i.TIM_OC1_SetConfig  stm32f1xx_hal_tim.o
    0x08005120   0x08005120   0x00000058   Code   RO          783    i.TIM_OC2_SetConfig  stm32f1xx_hal_tim.o
    0x08005178   0x08005178   0x00000058   Code   RO          784    i.TIM_OC3_SetConfig  stm32f1xx_hal_tim.o
    0x080051d0   0x080051d0   0x00000044   Code   RO          785    i.TIM_OC4_SetConfig  stm32f1xx_hal_tim.o
    0x08005214   0x08005214   0x00000010   Code   RO         3426    i.UART_DMAAbortOnError  stm32f1xx_hal_uart.o
    0x08005224   0x08005224   0x00000016   Code   RO         3431    i.UART_DMARxOnlyAbortCallback  stm32f1xx_hal_uart.o
    0x0800523a   0x0800523a   0x00000030   Code   RO          250    i.UART_DebugPrintf  freertos.o
    0x0800526a   0x0800526a   0x0000004e   Code   RO         3436    i.UART_EndRxTransfer  stm32f1xx_hal_uart.o
    0x080052b8   0x080052b8   0x000000c2   Code   RO         3438    i.UART_Receive_IT   stm32f1xx_hal_uart.o
    0x0800537a   0x0800537a   0x00000002   PAD
    0x0800537c   0x0800537c   0x000000b8   Code   RO         3439    i.UART_SetConfig    stm32f1xx_hal_uart.o
    0x08005434   0x08005434   0x00000036   Code   RO         3441    i.UART_Start_Receive_IT  stm32f1xx_hal_uart.o
    0x0800546a   0x0800546a   0x00000072   Code   RO         3442    i.UART_WaitOnFlagUntilTimeout  stm32f1xx_hal_uart.o
    0x080054dc   0x080054dc   0x0000000c   Code   RO          511    i.USART1_IRQHandler  stm32f1xx_it.o
    0x080054e8   0x080054e8   0x00000002   Code   RO          512    i.UsageFault_Handler  stm32f1xx_it.o
    0x080054ea   0x080054ea   0x00000002   PAD
    0x080054ec   0x080054ec   0x00000010   Code   RO         5645    i.W25Q64_CS_High    w25q64.o
    0x080054fc   0x080054fc   0x00000010   Code   RO         5646    i.W25Q64_CS_Low     w25q64.o
    0x0800550c   0x0800550c   0x00000024   Code   RO         5650    i.W25Q64_ReadWriteByte  w25q64.o
    0x08005530   0x08005530   0x00000044   Code   RO         5651    i.W25Q64_Read_Data  w25q64.o
    0x08005574   0x08005574   0x00000028   Code   RO         6262    i.__ARM_fpclassify  m_ws.l(fpclassify.o)
    0x0800559c   0x0800559c   0x00000020   Code   RO         2137    i.__NVIC_SetPriority  stm32f1xx_hal_cortex.o
    0x080055bc   0x080055bc   0x0000000e   Code   RO         6132    i._is_digit         c_w.l(__printf_wp.o)
    0x080055ca   0x080055ca   0x00000002   PAD
    0x080055cc   0x080055cc   0x00000064   Code   RO           16    i.main              main.o
    0x08005630   0x08005630   0x0000001a   Code   RO         4896    i.osDelay           cmsis_os2.o
    0x0800564a   0x0800564a   0x0000000e   Code   RO         4908    i.osKernelGetTickCount  cmsis_os2.o
    0x08005658   0x08005658   0x00000024   Code   RO         4910    i.osKernelInitialize  cmsis_os2.o
    0x0800567c   0x0800567c   0x00000038   Code   RO         4913    i.osKernelStart     cmsis_os2.o
    0x080056b4   0x080056b4   0x00000064   Code   RO         4925    i.osMessageQueueGet  cmsis_os2.o
    0x08005718   0x08005718   0x00000058   Code   RO         4930    i.osMessageQueueNew  cmsis_os2.o
    0x08005770   0x08005770   0x00000068   Code   RO         4931    i.osMessageQueuePut  cmsis_os2.o
    0x080057d8   0x080057d8   0x0000008a   Code   RO         4955    i.osThreadNew       cmsis_os2.o
    0x08005862   0x08005862   0x00000002   PAD
    0x08005864   0x08005864   0x0000005c   Code   RO         4355    i.prvAddCurrentTaskToDelayedList  tasks.o
    0x080058c0   0x080058c0   0x000000d0   Code   RO         4356    i.prvAddNewTaskToReadyList  tasks.o
    0x08005990   0x08005990   0x00000058   Code   RO         4720    i.prvCheckForValidListAndQueue  timers.o
    0x080059e8   0x080059e8   0x00000026   Code   RO         3952    i.prvCopyDataFromQueue  queue.o
    0x08005a0e   0x08005a0e   0x0000006c   Code   RO         3953    i.prvCopyDataToQueue  queue.o
    0x08005a7a   0x08005a7a   0x00000034   Code   RO         4357    i.prvDeleteTCB      tasks.o
    0x08005aae   0x08005aae   0x00000002   PAD
    0x08005ab0   0x08005ab0   0x0000004c   Code   RO         5407    i.prvHeapInit       heap_4.o
    0x08005afc   0x08005afc   0x00000060   Code   RO         4358    i.prvIdleTask       tasks.o
    0x08005b5c   0x08005b5c   0x00000022   Code   RO         3955    i.prvInitialiseNewQueue  queue.o
    0x08005b7e   0x08005b7e   0x00000002   PAD
    0x08005b80   0x08005b80   0x000000b0   Code   RO         4359    i.prvInitialiseNewTask  tasks.o
    0x08005c30   0x08005c30   0x0000004c   Code   RO         5408    i.prvInsertBlockIntoFreeList  heap_4.o
    0x08005c7c   0x08005c7c   0x00000038   Code   RO         4722    i.prvInsertTimerInActiveList  timers.o
    0x08005cb4   0x08005cb4   0x0000001c   Code   RO         3956    i.prvIsQueueEmpty   queue.o
    0x08005cd0   0x08005cd0   0x000000fc   Code   RO         4723    i.prvProcessReceivedCommands  timers.o
    0x08005dcc   0x08005dcc   0x000000c0   Code   RO         4724    i.prvProcessTimerOrBlockTask  timers.o
    0x08005e8c   0x08005e8c   0x00000020   Code   RO         4361    i.prvResetNextTaskUnblockTime  tasks.o
    0x08005eac   0x08005eac   0x00000028   Code   RO         4725    i.prvSampleTimeNow  timers.o
    0x08005ed4   0x08005ed4   0x0000006c   Code   RO         4726    i.prvSwitchTimerLists  timers.o
    0x08005f40   0x08005f40   0x00000028   Code   RO         5463    i.prvTaskExitError  port.o
    0x08005f68   0x08005f68   0x00000024   Code   RO         4727    i.prvTimerTask      timers.o
    0x08005f8c   0x08005f8c   0x0000006a   Code   RO         3957    i.prvUnlockQueue    queue.o
    0x08005ff6   0x08005ff6   0x00000002   PAD
    0x08005ff8   0x08005ff8   0x000000dc   Code   RO         5409    i.pvPortMalloc      heap_4.o
    0x080060d4   0x080060d4   0x00000024   Code   RO         5464    i.pxPortInitialiseStack  port.o
    0x080060f8   0x080060f8   0x00000026   Code   RO         3912    i.uxListRemove      list.o
    0x0800611e   0x0800611e   0x00000002   PAD
    0x08006120   0x08006120   0x00000014   Code   RO         4967    i.vApplicationGetIdleTaskMemory  cmsis_os2.o
    0x08006134   0x08006134   0x00000018   Code   RO         4968    i.vApplicationGetTimerTaskMemory  cmsis_os2.o
    0x0800614c   0x0800614c   0x00000016   Code   RO         3913    i.vListInitialise   list.o
    0x08006162   0x08006162   0x00000006   Code   RO         3914    i.vListInitialiseItem  list.o
    0x08006168   0x08006168   0x00000030   Code   RO         3915    i.vListInsert       list.o
    0x08006198   0x08006198   0x00000018   Code   RO         3916    i.vListInsertEnd    list.o
    0x080061b0   0x080061b0   0x00000040   Code   RO         5466    i.vPortEnterCritical  port.o
    0x080061f0   0x080061f0   0x00000028   Code   RO         5467    i.vPortExitCritical  port.o
    0x08006218   0x08006218   0x00000064   Code   RO         5410    i.vPortFree         heap_4.o
    0x0800627c   0x0800627c   0x00000024   Code   RO         5468    i.vPortSetupTimerInterrupt  port.o
    0x080062a0   0x080062a0   0x00000054   Code   RO         5469    i.vPortValidateInterruptPriority  port.o
    0x080062f4   0x080062f4   0x00000028   Code   RO         3963    i.vQueueAddToRegistry  queue.o
    0x0800631c   0x0800631c   0x00000044   Code   RO         3967    i.vQueueWaitForMessageRestricted  queue.o
    0x08006360   0x08006360   0x0000004c   Code   RO         4374    i.vTaskDelay        tasks.o
    0x080063ac   0x080063ac   0x00000010   Code   RO         4379    i.vTaskInternalSetTimeOutState  tasks.o
    0x080063bc   0x080063bc   0x0000000c   Code   RO         4380    i.vTaskMissedYield  tasks.o
    0x080063c8   0x080063c8   0x00000030   Code   RO         4382    i.vTaskPlaceOnEventList  tasks.o
    0x080063f8   0x080063f8   0x00000038   Code   RO         4383    i.vTaskPlaceOnEventListRestricted  tasks.o
    0x08006430   0x08006430   0x00000088   Code   RO         4391    i.vTaskStartScheduler  tasks.o
    0x080064b8   0x080064b8   0x00000010   Code   RO         4393    i.vTaskSuspendAll   tasks.o
    0x080064c8   0x080064c8   0x00000064   Code   RO         4394    i.vTaskSwitchContext  tasks.o
    0x0800652c   0x0800652c   0x0000000c   Code   RO         5413    i.xPortGetFreeHeapSize  heap_4.o
    0x08006538   0x08006538   0x000000a8   Code   RO         5470    i.xPortStartScheduler  port.o
    0x080065e0   0x080065e0   0x0000002c   Code   RO         5471    i.xPortSysTickHandler  port.o
    0x0800660c   0x0800660c   0x00000042   Code   RO         3972    i.xQueueGenericCreate  queue.o
    0x0800664e   0x0800664e   0x00000066   Code   RO         3973    i.xQueueGenericCreateStatic  queue.o
    0x080066b4   0x080066b4   0x00000088   Code   RO         3974    i.xQueueGenericReset  queue.o
    0x0800673c   0x0800673c   0x00000160   Code   RO         3975    i.xQueueGenericSend  queue.o
    0x0800689c   0x0800689c   0x000000be   Code   RO         3976    i.xQueueGenericSendFromISR  queue.o
    0x0800695a   0x0800695a   0x00000002   PAD
    0x0800695c   0x0800695c   0x00000138   Code   RO         3985    i.xQueueReceive     queue.o
    0x08006a94   0x08006a94   0x0000009a   Code   RO         3986    i.xQueueReceiveFromISR  queue.o
    0x08006b2e   0x08006b2e   0x00000002   PAD
    0x08006b30   0x08006b30   0x00000074   Code   RO         4396    i.xTaskCheckForTimeOut  tasks.o
    0x08006ba4   0x08006ba4   0x0000005a   Code   RO         4397    i.xTaskCreate       tasks.o
    0x08006bfe   0x08006bfe   0x00000056   Code   RO         4398    i.xTaskCreateStatic  tasks.o
    0x08006c54   0x08006c54   0x0000001c   Code   RO         4402    i.xTaskGetSchedulerState  tasks.o
    0x08006c70   0x08006c70   0x0000000c   Code   RO         4403    i.xTaskGetTickCount  tasks.o
    0x08006c7c   0x08006c7c   0x00000010   Code   RO         4404    i.xTaskGetTickCountFromISR  tasks.o
    0x08006c8c   0x08006c8c   0x000000c8   Code   RO         4405    i.xTaskIncrementTick  tasks.o
    0x08006d54   0x08006d54   0x00000080   Code   RO         4408    i.xTaskPriorityDisinherit  tasks.o
    0x08006dd4   0x08006dd4   0x00000070   Code   RO         4410    i.xTaskRemoveFromEventList  tasks.o
    0x08006e44   0x08006e44   0x000000c4   Code   RO         4411    i.xTaskResumeAll    tasks.o
    0x08006f08   0x08006f08   0x00000060   Code   RO         4736    i.xTimerCreateTimerTask  timers.o
    0x08006f68   0x08006f68   0x00000068   Code   RO         4737    i.xTimerGenericCommand  timers.o
    0x08006fd0   0x08006fd0   0x0000002c   Code   RO         6250    locale$$code        c_w.l(lc_numeric_c.o)
    0x08006ffc   0x08006ffc   0x0000002c   Code   RO         6270    locale$$code        c_w.l(lc_ctype_c.o)
    0x08007028   0x08007028   0x000000c4   Code   RO         6049    x$fpl$fadd          fz_ws.l(faddsub_clz.o)
    0x080070ec   0x080070ec   0x00000184   Code   RO         6056    x$fpl$fdiv          fz_ws.l(fdiv.o)
    0x08007270   0x08007270   0x0000003e   Code   RO         6059    x$fpl$ffixu         fz_ws.l(ffixu.o)
    0x080072ae   0x080072ae   0x00000002   PAD
    0x080072b0   0x080072b0   0x00000026   Code   RO         6063    x$fpl$ffltu         fz_ws.l(fflt_clz.o)
    0x080072d6   0x080072d6   0x00000002   PAD
    0x080072d8   0x080072d8   0x00000102   Code   RO         6069    x$fpl$fmul          fz_ws.l(fmul.o)
    0x080073da   0x080073da   0x0000008c   Code   RO         6167    x$fpl$fnaninf       fz_ws.l(fnaninf.o)
    0x08007466   0x08007466   0x0000000a   Code   RO         6169    x$fpl$fretinf       fz_ws.l(fretinf.o)
    0x08007470   0x08007470   0x00000014   Code   RO         6050    x$fpl$frsb          fz_ws.l(faddsub_clz.o)
    0x08007484   0x08007484   0x000000ea   Code   RO         6051    x$fpl$fsub          fz_ws.l(faddsub_clz.o)
    0x0800756e   0x0800756e   0x00000004   Code   RO         6171    x$fpl$printf1       fz_ws.l(printf1.o)
    0x08007572   0x08007572   0x00000004   Code   RO         6173    x$fpl$printf2       fz_ws.l(printf2.o)
    0x08007576   0x08007576   0x00000000   Code   RO         6179    x$fpl$usenofp       fz_ws.l(usenofp.o)
    0x08007576   0x08007576   0x00000002   PAD
    0x08007578   0x08007578   0x00000084   Data   RO          252    .constdata          freertos.o
    0x080075fc   0x080075fc   0x00000012   Data   RO         1835    .constdata          stm32f1xx_hal_rcc.o
    0x0800760e   0x0800760e   0x00000010   Data   RO         3748    .constdata          system_stm32f1xx.o
    0x0800761e   0x0800761e   0x00000008   Data   RO         3749    .constdata          system_stm32f1xx.o
    0x08007626   0x08007626   0x00000002   PAD
    0x08007628   0x08007628   0x00000180   Data   RO         5741    .constdata          action.o
    0x080077a8   0x080077a8   0x00000084   Data   RO         5858    .constdata          command.o
    0x0800782c   0x0800782c   0x00000004   Data   RO         5979    .constdata          bsp_ota_boot.o
    0x08007830   0x08007830   0x00000008   Data   RO         6091    .constdata          c_w.l(_printf_wctomb.o)
    0x08007838   0x08007838   0x00000028   Data   RO         6120    .constdata          c_w.l(_printf_hex_int_ll_ptr.o)
    0x08007860   0x08007860   0x00000011   Data   RO         6140    .constdata          c_w.l(__printf_flags_ss_wp.o)
    0x08007871   0x08007871   0x00000026   Data   RO         6202    .constdata          c_w.l(_printf_fp_hex.o)
    0x08007897   0x08007897   0x00000001   PAD
    0x08007898   0x08007898   0x00000094   Data   RO         6225    .constdata          c_w.l(bigflt0.o)
    0x0800792c   0x0800792c   0x00000019   Data   RO          253    .conststring        freertos.o
    0x08007945   0x08007945   0x00000003   PAD
    0x08007948   0x08007948   0x00000020   Data   RO         6398    Region$$Table       anon$$obj.o
    0x08007968   0x08007968   0x0000001c   Data   RO         6249    locale$$data        c_w.l(lc_numeric_c.o)
    0x08007984   0x08007984   0x00000110   Data   RO         6269    locale$$data        c_w.l(lc_ctype_c.o)


    Execution Region RW_IRAM1 (Exec base: 0x20000000, Load base: 0x08007a94, Size: 0x00002810, Max: 0x00005000, ABSOLUTE)

    Exec Addr    Load Addr    Size         Type   Attr      Idx    E Section Name        Object

    0x20000000   0x08007a94   0x00000014   Data   RW          254    .data               freertos.o
    0x20000014   0x08007aa8   0x0000000c   Data   RW         1672    .data               stm32f1xx_hal.o
    0x20000020   0x08007ab4   0x00000004   Data   RW         3750    .data               system_stm32f1xx.o
    0x20000024   0x08007ab8   0x0000003c   Data   RW         4414    .data               tasks.o
    0x20000060   0x08007af4   0x00000014   Data   RW         4745    .data               timers.o
    0x20000074   0x08007b08   0x00000004   Data   RW         4970    .data               cmsis_os2.o
    0x20000078   0x08007b0c   0x00000020   Data   RW         5416    .data               heap_4.o
    0x20000098   0x08007b2c   0x0000000c   Data   RW         5472    .data               port.o
    0x200000a4   0x08007b38   0x0000000c   Data   RW         5742    .data               action.o
    0x200000b0   0x08007b44   0x00000001   Data   RW         5859    .data               command.o
    0x200000b1   0x08007b45   0x00000003   PAD
    0x200000b4   0x08007b48   0x00000008   Data   RW         5980    .data               bsp_ota_boot.o
    0x200000bc        -       0x00000400   Zero   RW          251    .bss                freertos.o
    0x200004bc        -       0x00000054   Zero   RW          328    .bss                i2c.o
    0x20000510        -       0x00000058   Zero   RW          370    .bss                spi.o
    0x20000568        -       0x00000090   Zero   RW          414    .bss                tim.o
    0x200005f8        -       0x00000048   Zero   RW          466    .bss                usart.o
    0x20000640        -       0x00000048   Zero   RW          602    .bss                stm32f1xx_hal_timebase_tim.o
    0x20000688        -       0x00000040   Zero   RW         3989    .bss                queue.o
    0x200006c8        -       0x000004c4   Zero   RW         4413    .bss                tasks.o
    0x20000b8c        -       0x00000118   Zero   RW         4744    .bss                timers.o
    0x20000ca4        -       0x000006b8   Zero   RW         4969    .bss                cmsis_os2.o
    0x2000135c        -       0x00000c00   Zero   RW         5415    .bss                heap_4.o
    0x20001f5c        -       0x00000048   Zero   RW         5740    .bss                action.o
    0x20001fa4        -       0x0000020a   Zero   RW         5911    .bss                bsp_uart.o
    0x200021ae   0x08007b50   0x00000002   PAD
    0x200021b0        -       0x00000060   Zero   RW         6265    .bss                c_w.l(libspace.o)
    0x20002210        -       0x00000200   Zero   RW            2    HEAP                startup_stm32f103xb.o
    0x20002410        -       0x00000400   Zero   RW            1    STACK               startup_stm32f103xb.o


==============================================================================

Image component sizes


      Code (inc. data)   RO Data    RW Data    ZI Data      Debug   Object Name

       900        170        384         12         72      10572   action.o
       444          8          0          0          0       4091   bsp_oled_debug.o
       312         46          4          8          0       7421   bsp_ota_boot.o
        56         10          0          0        522       2106   bsp_uart.o
       632         30          0          4       1720      61690   cmsis_os2.o
        88         16        132          1          0       2656   command.o
         0          0          0          0          0      19456   event_groups.o
      1868        960        157         20       1024       5972   freertos.o
       128         10          0          0          0        875   gpio.o
       484         30          0         32       3072       5086   heap_4.o
       156         26          0          0         84       1497   i2c.o
       138          0          0          0          0       3198   list.o
       218         16          0          0          0     453477   main.o
       662         70          0         12          0      10333   port.o
      1734         20          0          0         64      18913   queue.o
       184         24          0          0         88       1521   spi.o
        64         26        236          0       1536        776   startup_stm32f103xb.o
        98         20          0         12          0       5387   stm32f1xx_hal.o
       158         14          0          0          0      28022   stm32f1xx_hal_cortex.o
       222          4          0          0          0       1671   stm32f1xx_hal_dma.o
       770         60          0          0          0       3722   stm32f1xx_hal_gpio.o
      1414         32          0          0          0       9079   stm32f1xx_hal_i2c.o
        72         10          0          0          0        802   stm32f1xx_hal_msp.o
      1524        112         18          0          0       6262   stm32f1xx_hal_rcc.o
      1342          4          0          0          0       6411   stm32f1xx_hal_spi.o
      1524         60          0          0          0      13034   stm32f1xx_hal_tim.o
       108         12          0          0          0       2273   stm32f1xx_hal_tim_ex.o
       152         20          0          0         72       1379   stm32f1xx_hal_timebase_tim.o
      1784         14          0          0          0      12913   stm32f1xx_hal_uart.o
        36         12          0          0          0       3191   stm32f1xx_it.o
         0          0          0          0          0        392   stream_buffer.o
         2          0         24          4          0       1019   system_stm32f1xx.o
      2100        172          0         60       1220      25891   tasks.o
       476         42          0          0        144       2852   tim.o
       972         80          0         20        280      31483   timers.o
       228         34          0          0         72       2015   usart.o
       136         22          0          0          0       2207   w25q64.o

    ----------------------------------------------------------------------
     21238       2186        992        188       9972     769645   Object Totals
         0          0         32          0          0          0   (incl. Generated)
        52          0          5          3          2          0   (incl. Padding)

    ----------------------------------------------------------------------

      Code (inc. data)   RO Data    RW Data    ZI Data      Debug   Library Member Name

         8          0          0          0          0         68   __main.o
       392          4         17          0          0         92   __printf_flags_ss_wp.o
        14          0          0          0          0         68   __printf_wp.o
         0          0          0          0          0          0   __rtentry.o
        12          0          0          0          0          0   __rtentry2.o
         6          0          0          0          0          0   __rtentry4.o
        52          8          0          0          0          0   __scatter.o
        26          0          0          0          0          0   __scatter_copy.o
        28          0          0          0          0          0   __scatter_zi.o
         6          0          0          0          0          0   _printf_a.o
         6          0          0          0          0          0   _printf_c.o
        44          0          0          0          0        108   _printf_char.o
        48          6          0          0          0         96   _printf_char_common.o
        40          0          0          0          0         68   _printf_charcount.o
         6          0          0          0          0          0   _printf_d.o
       120         16          0          0          0         92   _printf_dec.o
         6          0          0          0          0          0   _printf_e.o
         6          0          0          0          0          0   _printf_f.o
      1054          0          0          0          0        216   _printf_fp_dec.o
       764          8         38          0          0        100   _printf_fp_hex.o
       128         16          0          0          0         84   _printf_fp_infnan.o
         6          0          0          0          0          0   _printf_g.o
       148          4         40          0          0        160   _printf_hex_int_ll_ptr.o
         6          0          0          0          0          0   _printf_i.o
       178          0          0          0          0         88   _printf_intcommon.o
        10          0          0          0          0          0   _printf_l.o
         6          0          0          0          0          0   _printf_lc.o
        10          0          0          0          0          0   _printf_ll.o
         6          0          0          0          0          0   _printf_lld.o
         6          0          0          0          0          0   _printf_lli.o
         6          0          0          0          0          0   _printf_llo.o
         6          0          0          0          0          0   _printf_llu.o
         6          0          0          0          0          0   _printf_llx.o
       124         16          0          0          0         92   _printf_longlong_dec.o
         6          0          0          0          0          0   _printf_ls.o
         6          0          0          0          0          0   _printf_n.o
         6          0          0          0          0          0   _printf_o.o
       112         10          0          0          0        124   _printf_oct_int_ll.o
         6          0          0          0          0          0   _printf_p.o
        78          0          0          0          0        108   _printf_pad.o
         0          0          0          0          0          0   _printf_percent.o
         4          0          0          0          0          0   _printf_percent_end.o
         6          0          0          0          0          0   _printf_s.o
        82          0          0          0          0         80   _printf_str.o
        36          0          0          0          0         84   _printf_truncate.o
         6          0          0          0          0          0   _printf_u.o
        44          0          0          0          0        108   _printf_wchar.o
       188          6          8          0          0         92   _printf_wctomb.o
         6          0          0          0          0          0   _printf_x.o
        16          0          0          0          0         68   _snputc.o
        10          0          0          0          0         68   _sputc.o
        64          0          0          0          0         92   _wcrtomb.o
        16          0          0          0          0         68   aeabi_memset.o
       228          4        148          0          0         96   bigflt0.o
      1936        128          0          0          0        672   btod.o
        18          0          0          0          0         80   exit.o
         6          0          0          0          0        152   heapauxi.o
         0          0          0          0          0          0   indicate_semi.o
        44         10        272          0          0         76   lc_ctype_c.o
        44         10         28          0          0         76   lc_numeric_c.o
         2          0          0          0          0          0   libinit.o
        30          0          0          0          0          0   libinit2.o
         2          0          0          0          0          0   libshutdown.o
         2          0          0          0          0          0   libshutdown2.o
         8          4          0          0         96         68   libspace.o
       138          0          0          0          0         80   lludiv10.o
        16          4          0          0          0         76   rt_ctype_table.o
         8          4          0          0          0         68   rt_locale_intlibspace.o
        68          0          0          0          0         68   rt_memclr.o
        78          0          0          0          0         80   rt_memclr_w.o
       138          0          0          0          0         68   rt_memcpy_v6.o
       100          0          0          0          0         80   rt_memcpy_w.o
         2          0          0          0          0          0   rtexit.o
        10          0          0          0          0          0   rtexit2.o
       128          0          0          0          0         68   strcmpv7m.o
        62          0          0          0          0         76   strlen.o
        12          4          0          0          0         68   sys_exit.o
        74          0          0          0          0         80   sys_stackheap_outer.o
         2          0          0          0          0         68   use_no_semi.o
        52          4          0          0          0         80   vsnprintf.o
       450          8          0          0          0        236   faddsub_clz.o
       388         76          0          0          0         96   fdiv.o
        62          4          0          0          0         84   ffixu.o
        38          0          0          0          0         68   fflt_clz.o
       258          4          0          0          0         84   fmul.o
       140          4          0          0          0         84   fnaninf.o
        10          0          0          0          0         68   fretinf.o
         4          0          0          0          0         68   printf1.o
         4          0          0          0          0         68   printf2.o
         0          0          0          0          0          0   usenofp.o
        40          0          0          0          0         68   fpclassify.o

    ----------------------------------------------------------------------
      8598        362        552          0         96       5328   Library Totals
        20          0          1          0          0          0   (incl. Padding)

    ----------------------------------------------------------------------

      Code (inc. data)   RO Data    RW Data    ZI Data      Debug   Library Name

      7184        266        551          0         96       4404   c_w.l
      1354         96          0          0          0        856   fz_ws.l
        40          0          0          0          0         68   m_ws.l

    ----------------------------------------------------------------------
      8598        362        552          0         96       5328   Library Totals

    ----------------------------------------------------------------------

==============================================================================


      Code (inc. data)   RO Data    RW Data    ZI Data      Debug   

     29836       2548       1544        188      10068     760565   Grand Totals
     29836       2548       1544        188      10068     760565   ELF Image Totals
     29836       2548       1544        188          0          0   ROM Totals

==============================================================================

    Total RO  Size (Code + RO Data)                31380 (  30.64kB)
    Total RW  Size (RW Data + ZI Data)             10256 (  10.02kB)
    Total ROM Size (Code + RO Data + RW Data)      31568 (  30.83kB)

==============================================================================

